Archive member included to satisfy reference by file (symbol)

d:/cubeide/stm32cubeide_1.12.0/stm32cubeide/plugins/com.st.stm32cube.ide.mcu.externaltools.gnu-tools-for-stm32.10.3-2021.10.win32_1.0.200.202301161003/tools/bin/../lib/gcc/arm-none-eabi/10.3.1/../../../../arm-none-eabi/lib/thumb/v7e-m/nofp\libc_nano.a(lib_a-errno.o)
                              ./Core/Src/syscalls.o (__errno)
d:/cubeide/stm32cubeide_1.12.0/stm32cubeide/plugins/com.st.stm32cube.ide.mcu.externaltools.gnu-tools-for-stm32.10.3-2021.10.win32_1.0.200.202301161003/tools/bin/../lib/gcc/arm-none-eabi/10.3.1/../../../../arm-none-eabi/lib/thumb/v7e-m/nofp\libc_nano.a(lib_a-exit.o)
                              d:/cubeide/stm32cubeide_1.12.0/stm32cubeide/plugins/com.st.stm32cube.ide.mcu.externaltools.gnu-tools-for-stm32.10.3-2021.10.win32_1.0.200.202301161003/tools/bin/../lib/gcc/arm-none-eabi/10.3.1/../../../../arm-none-eabi/lib/thumb/v7e-m/nofp/crt0.o (exit)
d:/cubeide/stm32cubeide_1.12.0/stm32cubeide/plugins/com.st.stm32cube.ide.mcu.externaltools.gnu-tools-for-stm32.10.3-2021.10.win32_1.0.200.202301161003/tools/bin/../lib/gcc/arm-none-eabi/10.3.1/../../../../arm-none-eabi/lib/thumb/v7e-m/nofp\libc_nano.a(lib_a-impure.o)
                              d:/cubeide/stm32cubeide_1.12.0/stm32cubeide/plugins/com.st.stm32cube.ide.mcu.externaltools.gnu-tools-for-stm32.10.3-2021.10.win32_1.0.200.202301161003/tools/bin/../lib/gcc/arm-none-eabi/10.3.1/../../../../arm-none-eabi/lib/thumb/v7e-m/nofp\libc_nano.a(lib_a-exit.o) (_global_impure_ptr)
d:/cubeide/stm32cubeide_1.12.0/stm32cubeide/plugins/com.st.stm32cube.ide.mcu.externaltools.gnu-tools-for-stm32.10.3-2021.10.win32_1.0.200.202301161003/tools/bin/../lib/gcc/arm-none-eabi/10.3.1/../../../../arm-none-eabi/lib/thumb/v7e-m/nofp\libc_nano.a(lib_a-init.o)
                              d:/cubeide/stm32cubeide_1.12.0/stm32cubeide/plugins/com.st.stm32cube.ide.mcu.externaltools.gnu-tools-for-stm32.10.3-2021.10.win32_1.0.200.202301161003/tools/bin/../lib/gcc/arm-none-eabi/10.3.1/../../../../arm-none-eabi/lib/thumb/v7e-m/nofp/crt0.o (__libc_init_array)
d:/cubeide/stm32cubeide_1.12.0/stm32cubeide/plugins/com.st.stm32cube.ide.mcu.externaltools.gnu-tools-for-stm32.10.3-2021.10.win32_1.0.200.202301161003/tools/bin/../lib/gcc/arm-none-eabi/10.3.1/../../../../arm-none-eabi/lib/thumb/v7e-m/nofp\libc_nano.a(lib_a-memset.o)
                              d:/cubeide/stm32cubeide_1.12.0/stm32cubeide/plugins/com.st.stm32cube.ide.mcu.externaltools.gnu-tools-for-stm32.10.3-2021.10.win32_1.0.200.202301161003/tools/bin/../lib/gcc/arm-none-eabi/10.3.1/../../../../arm-none-eabi/lib/thumb/v7e-m/nofp/crt0.o (memset)
d:/cubeide/stm32cubeide_1.12.0/stm32cubeide/plugins/com.st.stm32cube.ide.mcu.externaltools.gnu-tools-for-stm32.10.3-2021.10.win32_1.0.200.202301161003/tools/bin/../lib/gcc/arm-none-eabi/10.3.1/thumb/v7e-m/nofp\libgcc.a(_aeabi_uldivmod.o)
                              ./Drivers/STM32WLxx_HAL_Driver/Src/stm32wlxx_hal_uart.o (__aeabi_uldivmod)
d:/cubeide/stm32cubeide_1.12.0/stm32cubeide/plugins/com.st.stm32cube.ide.mcu.externaltools.gnu-tools-for-stm32.10.3-2021.10.win32_1.0.200.202301161003/tools/bin/../lib/gcc/arm-none-eabi/10.3.1/thumb/v7e-m/nofp\libgcc.a(_udivmoddi4.o)
                              d:/cubeide/stm32cubeide_1.12.0/stm32cubeide/plugins/com.st.stm32cube.ide.mcu.externaltools.gnu-tools-for-stm32.10.3-2021.10.win32_1.0.200.202301161003/tools/bin/../lib/gcc/arm-none-eabi/10.3.1/thumb/v7e-m/nofp\libgcc.a(_aeabi_uldivmod.o) (__udivmoddi4)
d:/cubeide/stm32cubeide_1.12.0/stm32cubeide/plugins/com.st.stm32cube.ide.mcu.externaltools.gnu-tools-for-stm32.10.3-2021.10.win32_1.0.200.202301161003/tools/bin/../lib/gcc/arm-none-eabi/10.3.1/thumb/v7e-m/nofp\libgcc.a(_dvmd_tls.o)
                              d:/cubeide/stm32cubeide_1.12.0/stm32cubeide/plugins/com.st.stm32cube.ide.mcu.externaltools.gnu-tools-for-stm32.10.3-2021.10.win32_1.0.200.202301161003/tools/bin/../lib/gcc/arm-none-eabi/10.3.1/thumb/v7e-m/nofp\libgcc.a(_aeabi_uldivmod.o) (__aeabi_ldiv0)

Discarded input sections

 .text          0x0000000000000000        0x0 d:/cubeide/stm32cubeide_1.12.0/stm32cubeide/plugins/com.st.stm32cube.ide.mcu.externaltools.gnu-tools-for-stm32.10.3-2021.10.win32_1.0.200.202301161003/tools/bin/../lib/gcc/arm-none-eabi/10.3.1/thumb/v7e-m/nofp/crti.o
 .data          0x0000000000000000        0x0 d:/cubeide/stm32cubeide_1.12.0/stm32cubeide/plugins/com.st.stm32cube.ide.mcu.externaltools.gnu-tools-for-stm32.10.3-2021.10.win32_1.0.200.202301161003/tools/bin/../lib/gcc/arm-none-eabi/10.3.1/thumb/v7e-m/nofp/crti.o
 .bss           0x0000000000000000        0x0 d:/cubeide/stm32cubeide_1.12.0/stm32cubeide/plugins/com.st.stm32cube.ide.mcu.externaltools.gnu-tools-for-stm32.10.3-2021.10.win32_1.0.200.202301161003/tools/bin/../lib/gcc/arm-none-eabi/10.3.1/thumb/v7e-m/nofp/crti.o
[...]
Memory Configuration

Name             Origin             Length             Attributes
RAM              0x0000000020000000 0x0000000000010000 xrw
RAM2             0x0000000010000000 0x0000000000008000 xrw
FLASH            0x0000000008000000 0x0000000000040000 xr
*default*        0x0000000000000000 0xffffffffffffffff

Linker script and memory map

LOAD d:/cubeide/stm32cubeide_1.12.0/stm32cubeide/plugins/com.st.stm32cube.ide.mcu.externaltools.gnu-tools-for-stm32.10.3-2021.10.win32_1.0.200.202301161003/tools/bin/../lib/gcc/arm-none-eabi/10.3.1/thumb/v7e-m/nofp/crti.o
LOAD d:/cubeide/stm32cubeide_1.12.0/stm32cubeide/plugins/com.st.stm32cube.ide.mcu.externaltools.gnu-tools-for-stm32.10.3-2021.10.win32_1.0.200.202301161003/tools/bin/../lib/gcc/arm-none-eabi/10.3.1/thumb/v7e-m/nofp/crtbegin.o
LOAD d:/cubeide/stm32cubeide_1.12.0/stm32cubeide/plugins/com.st.stm32cube.ide.mcu.externaltools.gnu-tools-for-stm32.10.3-2021.10.win32_1.0.200.202301161003/tools/bin/../lib/gcc/arm-none-eabi/10.3.1/../../../../arm-none-eabi/lib/thumb/v7e-m/nofp/crt0.o
LOAD ./Core/Src/gpio.o
LOAD ./Core/Src/main.o
LOAD ./Core/Src/stm32wlxx_hal_msp.o
LOAD ./Core/Src/stm32wlxx_it.o
LOAD ./Core/Src/syscalls.o
LOAD ./Core/Src/sysmem.o
LOAD ./Core/Src/system_stm32wlxx.o
LOAD ./Core/Src/usart.o
LOAD ./Core/Startup/startup_stm32wl55jcix.o
LOAD ./Drivers/STM32WLxx_HAL_Driver/Src/stm32wlxx_hal.o
LOAD ./Drivers/STM32WLxx_HAL_Driver/Src/stm32wlxx_hal_cortex.o
LOAD ./Drivers/STM32WLxx_HAL_Driver/Src/stm32wlxx_hal_dma.o
LOAD ./Drivers/STM32WLxx_HAL_Driver/Src/stm32wlxx_hal_dma_ex.o
LOAD ./Drivers/STM32WLxx_HAL_Driver/Src/stm32wlxx_hal_exti.o
LOAD ./Drivers/STM32WLxx_HAL_Driver/Src/stm32wlxx_hal_flash.o
LOAD ./Drivers/STM32WLxx_HAL_Driver/Src/stm32wlxx_hal_flash_ex.o
LOAD ./Drivers/STM32WLxx_HAL_Driver/Src/stm32wlxx_hal_gpio.o
LOAD ./Drivers/STM32WLxx_HAL_Driver/Src/stm32wlxx_hal_pwr.o
LOAD ./Drivers/STM32WLxx_HAL_Driver/Src/stm32wlxx_hal_pwr_ex.o
LOAD ./Drivers/STM32WLxx_HAL_Driver/Src/stm32wlxx_hal_rcc.o
LOAD ./Drivers/STM32WLxx_HAL_Driver/Src/stm32wlxx_hal_rcc_ex.o
LOAD ./Drivers/STM32WLxx_HAL_Driver/Src/stm32wlxx_hal_tim.o
LOAD ./Drivers/STM32WLxx_HAL_Driver/Src/stm32wlxx_hal_tim_ex.o
LOAD ./Drivers/STM32WLxx_HAL_Driver/Src/stm32wlxx_hal_uart.o
LOAD ./Drivers/STM32WLxx_HAL_Driver/Src/stm32wlxx_hal_uart_ex.o
START GROUP
LOAD d:/cubeide/stm32cubeide_1.12.0/stm32cubeide/plugins/com.st.stm32cube.ide.mcu.externaltools.gnu-tools-for-stm32.10.3-2021.10.win32_1.0.200.202301161003/tools/bin/../lib/gcc/arm-none-eabi/10.3.1/../../../../arm-none-eabi/lib/thumb/v7e-m/nofp\libc_nano.a
LOAD d:/cubeide/stm32cubeide_1.12.0/stm32cubeide/plugins/com.st.stm32cube.ide.mcu.externaltools.gnu-tools-for-stm32.10.3-2021.10.win32_1.0.200.202301161003/tools/bin/../lib/gcc/arm-none-eabi/10.3.1/../../../../arm-none-eabi/lib/thumb/v7e-m/nofp\libm.a
END GROUP
START GROUP
LOAD d:/cubeide/stm32cubeide_1.12.0/stm32cubeide/plugins/com.st.stm32cube.ide.mcu.externaltools.gnu-tools-for-stm32.10.3-2021.10.win32_1.0.200.202301161003/tools/bin/../lib/gcc/arm-none-eabi/10.3.1/thumb/v7e-m/nofp\libgcc.a
LOAD d:/cubeide/stm32cubeide_1.12.0/stm32cubeide/plugins/com.st.stm32cube.ide.mcu.externaltools.gnu-tools-for-stm32.10.3-2021.10.win32_1.0.200.202301161003/tools/bin/../lib/gcc/arm-none-eabi/10.3.1/../../../../arm-none-eabi/lib/thumb/v7e-m/nofp\libc_nano.a
END GROUP
START GROUP
LOAD d:/cubeide/stm32cubeide_1.12.0/stm32cubeide/plugins/com.st.stm32cube.ide.mcu.externaltools.gnu-tools-for-stm32.10.3-2021.10.win32_1.0.200.202301161003/tools/bin/../lib/gcc/arm-none-eabi/10.3.1/thumb/v7e-m/nofp\libgcc.a
LOAD d:/cubeide/stm32cubeide_1.12.0/stm32cubeide/plugins/com.st.stm32cube.ide.mcu.externaltools.gnu-tools-for-stm32.10.3-2021.10.win32_1.0.200.202301161003/tools/bin/../lib/gcc/arm-none-eabi/10.3.1/../../../../arm-none-eabi/lib/thumb/v7e-m/nofp\libc_nano.a
LOAD d:/cubeide/stm32cubeide_1.12.0/stm32cubeide/plugins/com.st.stm32cube.ide.mcu.externaltools.gnu-tools-for-stm32.10.3-2021.10.win32_1.0.200.202301161003/tools/bin/../lib/gcc/arm-none-eabi/10.3.1/../../../../arm-none-eabi/lib/thumb/v7e-m/nofp\libnosys.a
END GROUP
START GROUP
LOAD d:/cubeide/stm32cubeide_1.12.0/stm32cubeide/plugins/com.st.stm32cube.ide.mcu.externaltools.gnu-tools-for-stm32.10.3-2021.10.win32_1.0.200.202301161003/tools/bin/../lib/gcc/arm-none-eabi/10.3.1/thumb/v7e-m/nofp\libgcc.a
LOAD d:/cubeide/stm32cubeide_1.12.0/stm32cubeide/plugins/com.st.stm32cube.ide.mcu.externaltools.gnu-tools-for-stm32.10.3-2021.10.win32_1.0.200.202301161003/tools/bin/../lib/gcc/arm-none-eabi/10.3.1/../../../../arm-none-eabi/lib/thumb/v7e-m/nofp\libc_nano.a
LOAD d:/cubeide/stm32cubeide_1.12.0/stm32cubeide/plugins/com.st.stm32cube.ide.mcu.externaltools.gnu-tools-for-stm32.10.3-2021.10.win32_1.0.200.202301161003/tools/bin/../lib/gcc/arm-none-eabi/10.3.1/../../../../arm-none-eabi/lib/thumb/v7e-m/nofp\libnosys.a
END GROUP
LOAD d:/cubeide/stm32cubeide_1.12.0/stm32cubeide/plugins/com.st.stm32cube.ide.mcu.externaltools.gnu-tools-for-stm32.10.3-2021.10.win32_1.0.200.202301161003/tools/bin/../lib/gcc/arm-none-eabi/10.3.1/thumb/v7e-m/nofp/crtend.o
LOAD d:/cubeide/stm32cubeide_1.12.0/stm32cubeide/plugins/com.st.stm32cube.ide.mcu.externaltools.gnu-tools-for-stm32.10.3-2021.10.win32_1.0.200.202301161003/tools/bin/../lib/gcc/arm-none-eabi/10.3.1/thumb/v7e-m/nofp/crtn.o
                0x0000000020010000                _estack = (ORIGIN (RAM) + LENGTH (RAM))
                0x0000000000000200                _Min_Heap_Size = 0x200
                0x0000000000000400                _Min_Stack_Size = 0x400

.isr_vector     0x0000000008000000      0x138
                0x0000000008000000                . = ALIGN (0x4)
 *(.isr_vector)
 .isr_vector    0x0000000008000000      0x138 ./Core/Startup/startup_stm32wl55jcix.o
                0x0000000008000000                g_pfnVectors
                0x0000000008000138                . = ALIGN (0x4)

.text           0x0000000008000138     0x3068
                0x0000000008000138                . = ALIGN (0x4)
 *(.text)
 .text          0x0000000008000138       0x40 d:/cubeide/stm32cubeide_1.12.0/stm32cubeide/plugins/com.st.stm32cube.ide.mcu.externaltools.gnu-tools-for-stm32.10.3-2021.10.win32_1.0.200.202301161003/tools/bin/../lib/gcc/arm-none-eabi/10.3.1/thumb/v7e-m/nofp/crtbegin.o
 .text          0x0000000008000178       0x30 d:/cubeide/stm32cubeide_1.12.0/stm32cubeide/plugins/com.st.stm32cube.ide.mcu.externaltools.gnu-tools-for-stm32.10.3-2021.10.win32_1.0.200.202301161003/tools/bin/../lib/gcc/arm-none-eabi/10.3.1/thumb/v7e-m/nofp\libgcc.a(_aeabi_uldivmod.o)
                0x0000000008000178                __aeabi_uldivmod
 .text          0x00000000080001a8      0x2d0 d:/cubeide/stm32cubeide_1.12.0/stm32cubeide/plugins/com.st.stm32cube.ide.mcu.externaltools.gnu-tools-for-stm32.10.3-2021.10.win32_1.0.200.202301161003/tools/bin/../lib/gcc/arm-none-eabi/10.3.1/thumb/v7e-m/nofp\libgcc.a(_udivmoddi4.o)
                0x00000000080001a8                __udivmoddi4
 .text          0x0000000008000478        0x4 d:/cubeide/stm32cubeide_1.12.0/stm32cubeide/plugins/com.st.stm32cube.ide.mcu.externaltools.gnu-tools-for-stm32.10.3-2021.10.win32_1.0.200.202301161003/tools/bin/../lib/gcc/arm-none-eabi/10.3.1/thumb/v7e-m/nofp\libgcc.a(_dvmd_tls.o)
                0x0000000008000478                __aeabi_idiv0
                0x0000000008000478                __aeabi_ldiv0
 *(.text*)
 .text.LL_AHB2_GRP1_EnableClock
                0x000000000800047c       0x30 ./Core/Src/gpio.o
 .text.MX_GPIO_Init
                0x00000000080004ac       0xe4 ./Core/Src/gpio.o
                0x00000000080004ac                MX_GPIO_Init
 .text.LL_RCC_LSE_SetDriveCapability
                0x0000000008000590       0x2a ./Core/Src/main.o
 .text.main     0x00000000080005ba       0x16 ./Core/Src/main.o
                0x00000000080005ba                main
 .text.SystemClock_Config
                0x00000000080005d0       0xb0 ./Core/Src/main.o
                0x00000000080005d0                SystemClock_Config
 .text.HAL_GPIO_EXTI_Callback
                0x0000000008000680       0x50 ./Core/Src/main.o
                0x0000000008000680                HAL_GPIO_EXTI_Callback
 .text.Error_Handler
                0x00000000080006d0        0xa ./Core/Src/main.o
                0x00000000080006d0                Error_Handler
 .text.HAL_MspInit
                0x00000000080006da        0xc ./Core/Src/stm32wlxx_hal_msp.o
                0x00000000080006da                HAL_MspInit
 .text.NMI_Handler
                0x00000000080006e6        0x6 ./Core/Src/stm32wlxx_it.o
                0x00000000080006e6                NMI_Handler
 .text.HardFault_Handler
                0x00000000080006ec        0x6 ./Core/Src/stm32wlxx_it.o
                0x00000000080006ec                HardFault_Handler
 .text.MemManage_Handler
                0x00000000080006f2        0x6 ./Core/Src/stm32wlxx_it.o
                0x00000000080006f2                MemManage_Handler
 .text.BusFault_Handler
                0x00000000080006f8        0x6 ./Core/Src/stm32wlxx_it.o
                0x00000000080006f8                BusFault_Handler
 .text.UsageFault_Handler
                0x00000000080006fe        0x6 ./Core/Src/stm32wlxx_it.o
                0x00000000080006fe                UsageFault_Handler
 .text.SVC_Handler
                0x0000000008000704        0xc ./Core/Src/stm32wlxx_it.o
                0x0000000008000704                SVC_Handler
 .text.DebugMon_Handler
                0x0000000008000710        0xc ./Core/Src/stm32wlxx_it.o
                0x0000000008000710                DebugMon_Handler
 .text.PendSV_Handler
                0x000000000800071c        0xc ./Core/Src/stm32wlxx_it.o
                0x000000000800071c                PendSV_Handler
 .text.SysTick_Handler
                0x0000000008000728        0xc ./Core/Src/stm32wlxx_it.o
                0x0000000008000728                SysTick_Handler
 .text.EXTI0_IRQHandler
                0x0000000008000734        0xe ./Core/Src/stm32wlxx_it.o
                0x0000000008000734                EXTI0_IRQHandler
 .text.EXTI1_IRQHandler
                0x0000000008000742        0xe ./Core/Src/stm32wlxx_it.o
                0x0000000008000742                EXTI1_IRQHandler
 .text.EXTI9_5_IRQHandler
                0x0000000008000750        0xe ./Core/Src/stm32wlxx_it.o
                0x0000000008000750                EXTI9_5_IRQHandler
 .text.SystemInit
                0x000000000800075e        0xc ./Core/Src/system_stm32wlxx.o
                0x000000000800075e                SystemInit
 .text.LL_AHB2_GRP1_EnableClock
                0x000000000800076a       0x30 ./Core/Src/usart.o
 .text.LL_APB1_GRP1_EnableClock
                0x000000000800079a       0x30 ./Core/Src/usart.o
 *fill*         0x00000000080007ca        0x2 
 .text.MX_USART2_UART_Init
                0x00000000080007cc       0x98 ./Core/Src/usart.o
                0x00000000080007cc                MX_USART2_UART_Init
 .text.HAL_UART_MspInit
                0x0000000008000864       0x8c ./Core/Src/usart.o
                0x0000000008000864                HAL_UART_MspInit
 .text.Reset_Handler
                0x00000000080008f0       0x50 ./Core/Startup/startup_stm32wl55jcix.o
                0x00000000080008f0                Reset_Handler
 .text.Default_Handler
                0x0000000008000940        0x2 ./Core/Startup/startup_stm32wl55jcix.o
                0x0000000008000940                RTC_Alarm_IRQHandler
                0x0000000008000940                EXTI2_IRQHandler
                0x0000000008000940                TIM1_CC_IRQHandler
                0x0000000008000940                EXTI3_IRQHandler
                0x0000000008000940                LPTIM2_IRQHandler
                0x0000000008000940                I2C3_ER_IRQHandler
                0x0000000008000940                LPTIM3_IRQHandler
                0x0000000008000940                I2C2_EV_IRQHandler
                0x0000000008000940                TAMP_STAMP_LSECSS_SSRU_IRQHandler
                0x0000000008000940                SPI1_IRQHandler
                0x0000000008000940                DMA2_Channel2_IRQHandler
                0x0000000008000940                DMA1_Channel4_IRQHandler
                0x0000000008000940                PKA_IRQHandler
                0x0000000008000940                TIM17_IRQHandler
                0x0000000008000940                DMA1_Channel7_IRQHandler
                0x0000000008000940                SUBGHZSPI_IRQHandler
                0x0000000008000940                IPCC_C1_TX_IRQHandler
                0x0000000008000940                DMA2_Channel1_IRQHandler
                0x0000000008000940                I2C1_EV_IRQHandler
                0x0000000008000940                SUBGHZ_Radio_IRQHandler
                0x0000000008000940                DMAMUX1_OVR_IRQHandler
                0x0000000008000940                DMA1_Channel6_IRQHandler
                0x0000000008000940                TIM16_IRQHandler
                0x0000000008000940                DMA2_Channel4_IRQHandler
                0x0000000008000940                RCC_IRQHandler
                0x0000000008000940                TIM1_TRG_COM_IRQHandler
                0x0000000008000940                DMA1_Channel1_IRQHandler
                0x0000000008000940                Default_Handler
                0x0000000008000940                DMA2_Channel7_IRQHandler
                0x0000000008000940                EXTI15_10_IRQHandler
                0x0000000008000940                IPCC_C1_RX_IRQHandler
                0x0000000008000940                ADC_IRQHandler
                0x0000000008000940                C2SEV_PWR_C2H_IRQHandler
                0x0000000008000940                I2C3_EV_IRQHandler
                0x0000000008000940                RTC_WKUP_IRQHandler
                0x0000000008000940                PVD_PVM_IRQHandler
                0x0000000008000940                SPI2_IRQHandler
                0x0000000008000940                DMA2_Channel5_IRQHandler
                0x0000000008000940                DMA1_Channel5_IRQHandler
                0x0000000008000940                EXTI4_IRQHandler
                0x0000000008000940                RNG_IRQHandler
                0x0000000008000940                DMA1_Channel3_IRQHandler
                0x0000000008000940                COMP_IRQHandler
                0x0000000008000940                HSEM_IRQHandler
                0x0000000008000940                TIM1_UP_IRQHandler
                0x0000000008000940                WWDG_IRQHandler
                0x0000000008000940                LPUART1_IRQHandler
                0x0000000008000940                DMA2_Channel6_IRQHandler
                0x0000000008000940                TIM2_IRQHandler
                0x0000000008000940                TIM1_BRK_IRQHandler
                0x0000000008000940                DAC_IRQHandler
                0x0000000008000940                AES_IRQHandler
                0x0000000008000940                USART2_IRQHandler
                0x0000000008000940                I2C2_ER_IRQHandler
                0x0000000008000940                DMA1_Channel2_IRQHandler
                0x0000000008000940                FLASH_IRQHandler
                0x0000000008000940                USART1_IRQHandler
                0x0000000008000940                I2C1_ER_IRQHandler
                0x0000000008000940                LPTIM1_IRQHandler
                0x0000000008000940                DMA2_Channel3_IRQHandler
 *fill*         0x0000000008000942        0x2 
 .text.HAL_Init
                0x0000000008000944       0x40 ./Drivers/STM32WLxx_HAL_Driver/Src/stm32wlxx_hal.o
                0x0000000008000944                HAL_Init
 .text.HAL_InitTick
                0x0000000008000984       0x74 ./Drivers/STM32WLxx_HAL_Driver/Src/stm32wlxx_hal.o
                0x0000000008000984                HAL_InitTick
 .text.HAL_IncTick
                0x00000000080009f8       0x24 ./Drivers/STM32WLxx_HAL_Driver/Src/stm32wlxx_hal.o
                0x00000000080009f8                HAL_IncTick
 .text.HAL_GetTick
                0x0000000008000a1c       0x14 ./Drivers/STM32WLxx_HAL_Driver/Src/stm32wlxx_hal.o
                0x0000000008000a1c                HAL_GetTick
 .text.__NVIC_SetPriorityGrouping
                0x0000000008000a30       0x48 ./Drivers/STM32WLxx_HAL_Driver/Src/stm32wlxx_hal_cortex.o
 .text.__NVIC_GetPriorityGrouping
                0x0000000008000a78       0x1c ./Drivers/STM32WLxx_HAL_Driver/Src/stm32wlxx_hal_cortex.o
 .text.__NVIC_EnableIRQ
                0x0000000008000a94       0x38 ./Drivers/STM32WLxx_HAL_Driver/Src/stm32wlxx_hal_cortex.o
 .text.__NVIC_SetPriority
                0x0000000008000acc       0x54 ./Drivers/STM32WLxx_HAL_Driver/Src/stm32wlxx_hal_cortex.o
 .text.NVIC_EncodePriority
                0x0000000008000b20       0x64 ./Drivers/STM32WLxx_HAL_Driver/Src/stm32wlxx_hal_cortex.o
 .text.SysTick_Config
                0x0000000008000b84       0x44 ./Drivers/STM32WLxx_HAL_Driver/Src/stm32wlxx_hal_cortex.o
 .text.HAL_NVIC_SetPriorityGrouping
                0x0000000008000bc8       0x16 ./Drivers/STM32WLxx_HAL_Driver/Src/stm32wlxx_hal_cortex.o
                0x0000000008000bc8                HAL_NVIC_SetPriorityGrouping
 .text.HAL_NVIC_SetPriority
                0x0000000008000bde       0x34 ./Drivers/STM32WLxx_HAL_Driver/Src/stm32wlxx_hal_cortex.o
                0x0000000008000bde                HAL_NVIC_SetPriority
 .text.HAL_NVIC_EnableIRQ
                0x0000000008000c12       0x1c ./Drivers/STM32WLxx_HAL_Driver/Src/stm32wlxx_hal_cortex.o
                0x0000000008000c12                HAL_NVIC_EnableIRQ
 .text.HAL_SYSTICK_Config
                0x0000000008000c2e       0x18 ./Drivers/STM32WLxx_HAL_Driver/Src/stm32wlxx_hal_cortex.o
                0x0000000008000c2e                HAL_SYSTICK_Config
 *fill*         0x0000000008000c46        0x2 
 .text.HAL_GPIO_Init
                0x0000000008000c48      0x2c0 ./Drivers/STM32WLxx_HAL_Driver/Src/stm32wlxx_hal_gpio.o
                0x0000000008000c48                HAL_GPIO_Init
 .text.HAL_GPIO_WritePin
                0x0000000008000f08       0x2e ./Drivers/STM32WLxx_HAL_Driver/Src/stm32wlxx_hal_gpio.o
                0x0000000008000f08                HAL_GPIO_WritePin
 .text.HAL_GPIO_TogglePin
                0x0000000008000f36       0x32 ./Drivers/STM32WLxx_HAL_Driver/Src/stm32wlxx_hal_gpio.o
                0x0000000008000f36                HAL_GPIO_TogglePin
 .text.HAL_GPIO_EXTI_IRQHandler
                0x0000000008000f68       0x30 ./Drivers/STM32WLxx_HAL_Driver/Src/stm32wlxx_hal_gpio.o
                0x0000000008000f68                HAL_GPIO_EXTI_IRQHandler
 .text.HAL_PWR_EnableBkUpAccess
                0x0000000008000f98       0x1c ./Drivers/STM32WLxx_HAL_Driver/Src/stm32wlxx_hal_pwr.o
                0x0000000008000f98                HAL_PWR_EnableBkUpAccess
 .text.HAL_PWREx_GetVoltageRange
                0x0000000008000fb4       0x18 ./Drivers/STM32WLxx_HAL_Driver/Src/stm32wlxx_hal_pwr_ex.o
                0x0000000008000fb4                HAL_PWREx_GetVoltageRange
 .text.LL_PWR_IsEnabledBkUpAccess
                0x0000000008000fcc       0x24 ./Drivers/STM32WLxx_HAL_Driver/Src/stm32wlxx_hal_rcc.o
 .text.LL_RCC_HSE_EnableTcxo
                0x0000000008000ff0       0x1c ./Drivers/STM32WLxx_HAL_Driver/Src/stm32wlxx_hal_rcc.o
 .text.LL_RCC_HSE_DisableTcxo
                0x000000000800100c       0x1c ./Drivers/STM32WLxx_HAL_Driver/Src/stm32wlxx_hal_rcc.o
 .text.LL_RCC_HSE_IsEnabledDiv2
                0x0000000008001028       0x22 ./Drivers/STM32WLxx_HAL_Driver/Src/stm32wlxx_hal_rcc.o
 .text.LL_RCC_HSE_Enable
                0x000000000800104a       0x1c ./Drivers/STM32WLxx_HAL_Driver/Src/stm32wlxx_hal_rcc.o
 .text.LL_RCC_HSE_Disable
                0x0000000008001066       0x1c ./Drivers/STM32WLxx_HAL_Driver/Src/stm32wlxx_hal_rcc.o
 .text.LL_RCC_HSE_IsReady
                0x0000000008001082       0x22 ./Drivers/STM32WLxx_HAL_Driver/Src/stm32wlxx_hal_rcc.o
 .text.LL_RCC_HSI_Enable
                0x00000000080010a4       0x1c ./Drivers/STM32WLxx_HAL_Driver/Src/stm32wlxx_hal_rcc.o
 .text.LL_RCC_HSI_Disable
                0x00000000080010c0       0x1c ./Drivers/STM32WLxx_HAL_Driver/Src/stm32wlxx_hal_rcc.o
 .text.LL_RCC_HSI_IsReady
                0x00000000080010dc       0x22 ./Drivers/STM32WLxx_HAL_Driver/Src/stm32wlxx_hal_rcc.o
 .text.LL_RCC_HSI_SetCalibTrimming
                0x00000000080010fe       0x28 ./Drivers/STM32WLxx_HAL_Driver/Src/stm32wlxx_hal_rcc.o
 .text.LL_RCC_LSE_IsReady
                0x0000000008001126       0x22 ./Drivers/STM32WLxx_HAL_Driver/Src/stm32wlxx_hal_rcc.o
 .text.LL_RCC_LSI_Enable
                0x0000000008001148       0x20 ./Drivers/STM32WLxx_HAL_Driver/Src/stm32wlxx_hal_rcc.o
 .text.LL_RCC_LSI_Disable
                0x0000000008001168       0x20 ./Drivers/STM32WLxx_HAL_Driver/Src/stm32wlxx_hal_rcc.o
 .text.LL_RCC_LSI_IsReady
                0x0000000008001188       0x22 ./Drivers/STM32WLxx_HAL_Driver/Src/stm32wlxx_hal_rcc.o
 .text.LL_RCC_MSI_Enable
                0x00000000080011aa       0x1c ./Drivers/STM32WLxx_HAL_Driver/Src/stm32wlxx_hal_rcc.o
 .text.LL_RCC_MSI_Disable
                0x00000000080011c6       0x1c ./Drivers/STM32WLxx_HAL_Driver/Src/stm32wlxx_hal_rcc.o
 .text.LL_RCC_MSI_IsReady
                0x00000000080011e2       0x20 ./Drivers/STM32WLxx_HAL_Driver/Src/stm32wlxx_hal_rcc.o
 .text.LL_RCC_MSI_IsEnabledRangeSelect
                0x0000000008001202       0x20 ./Drivers/STM32WLxx_HAL_Driver/Src/stm32wlxx_hal_rcc.o
 .text.LL_RCC_MSI_GetRange
                0x0000000008001222       0x16 ./Drivers/STM32WLxx_HAL_Driver/Src/stm32wlxx_hal_rcc.o
 .text.LL_RCC_MSI_GetRangeAfterStandby
                0x0000000008001238       0x18 ./Drivers/STM32WLxx_HAL_Driver/Src/stm32wlxx_hal_rcc.o
 .text.LL_RCC_MSI_SetCalibTrimming
                0x0000000008001250       0x28 ./Drivers/STM32WLxx_HAL_Driver/Src/stm32wlxx_hal_rcc.o
 .text.LL_RCC_SetSysClkSource
                0x0000000008001278       0x26 ./Drivers/STM32WLxx_HAL_Driver/Src/stm32wlxx_hal_rcc.o
 .text.LL_RCC_GetSysClkSource
                0x000000000800129e       0x16 ./Drivers/STM32WLxx_HAL_Driver/Src/stm32wlxx_hal_rcc.o
 .text.LL_RCC_SetAHBPrescaler
                0x00000000080012b4       0x26 ./Drivers/STM32WLxx_HAL_Driver/Src/stm32wlxx_hal_rcc.o
 .text.LL_C2_RCC_SetAHBPrescaler
                0x00000000080012da       0x2a ./Drivers/STM32WLxx_HAL_Driver/Src/stm32wlxx_hal_rcc.o
 .text.LL_RCC_SetAHB3Prescaler
                0x0000000008001304       0x2c ./Drivers/STM32WLxx_HAL_Driver/Src/stm32wlxx_hal_rcc.o
 .text.LL_RCC_SetAPB1Prescaler
                0x0000000008001330       0x26 ./Drivers/STM32WLxx_HAL_Driver/Src/stm32wlxx_hal_rcc.o
 .text.LL_RCC_SetAPB2Prescaler
                0x0000000008001356       0x26 ./Drivers/STM32WLxx_HAL_Driver/Src/stm32wlxx_hal_rcc.o
 .text.LL_RCC_GetAHBPrescaler
                0x000000000800137c       0x16 ./Drivers/STM32WLxx_HAL_Driver/Src/stm32wlxx_hal_rcc.o
 .text.LL_RCC_GetAHB3Prescaler
                0x0000000008001392       0x1a ./Drivers/STM32WLxx_HAL_Driver/Src/stm32wlxx_hal_rcc.o
 .text.LL_RCC_GetAPB1Prescaler
                0x00000000080013ac       0x16 ./Drivers/STM32WLxx_HAL_Driver/Src/stm32wlxx_hal_rcc.o
 .text.LL_RCC_GetAPB2Prescaler
                0x00000000080013c2       0x16 ./Drivers/STM32WLxx_HAL_Driver/Src/stm32wlxx_hal_rcc.o
 .text.LL_RCC_PLL_Enable
                0x00000000080013d8       0x1c ./Drivers/STM32WLxx_HAL_Driver/Src/stm32wlxx_hal_rcc.o
 .text.LL_RCC_PLL_Disable
                0x00000000080013f4       0x1c ./Drivers/STM32WLxx_HAL_Driver/Src/stm32wlxx_hal_rcc.o
 .text.LL_RCC_PLL_IsReady
                0x0000000008001410       0x22 ./Drivers/STM32WLxx_HAL_Driver/Src/stm32wlxx_hal_rcc.o
 .text.LL_RCC_PLL_GetN
                0x0000000008001432       0x18 ./Drivers/STM32WLxx_HAL_Driver/Src/stm32wlxx_hal_rcc.o
 .text.LL_RCC_PLL_GetR
                0x000000000800144a       0x16 ./Drivers/STM32WLxx_HAL_Driver/Src/stm32wlxx_hal_rcc.o
 .text.LL_RCC_PLL_GetDivider
                0x0000000008001460       0x16 ./Drivers/STM32WLxx_HAL_Driver/Src/stm32wlxx_hal_rcc.o
 .text.LL_RCC_PLL_GetMainSource
                0x0000000008001476       0x16 ./Drivers/STM32WLxx_HAL_Driver/Src/stm32wlxx_hal_rcc.o
 .text.LL_RCC_IsActiveFlag_HPRE
                0x000000000800148c       0x22 ./Drivers/STM32WLxx_HAL_Driver/Src/stm32wlxx_hal_rcc.o
 .text.LL_RCC_IsActiveFlag_C2HPRE
                0x00000000080014ae       0x24 ./Drivers/STM32WLxx_HAL_Driver/Src/stm32wlxx_hal_rcc.o
 .text.LL_RCC_IsActiveFlag_SHDHPRE
                0x00000000080014d2       0x24 ./Drivers/STM32WLxx_HAL_Driver/Src/stm32wlxx_hal_rcc.o
 .text.LL_RCC_IsActiveFlag_PPRE1
                0x00000000080014f6       0x22 ./Drivers/STM32WLxx_HAL_Driver/Src/stm32wlxx_hal_rcc.o
 .text.LL_RCC_IsActiveFlag_PPRE2
                0x0000000008001518       0x22 ./Drivers/STM32WLxx_HAL_Driver/Src/stm32wlxx_hal_rcc.o
 *fill*         0x000000000800153a        0x2 
 .text.HAL_RCC_OscConfig
                0x000000000800153c      0x704 ./Drivers/STM32WLxx_HAL_Driver/Src/stm32wlxx_hal_rcc.o
                0x000000000800153c                HAL_RCC_OscConfig
 .text.HAL_RCC_ClockConfig
                0x0000000008001c40      0x284 ./Drivers/STM32WLxx_HAL_Driver/Src/stm32wlxx_hal_rcc.o
                0x0000000008001c40                HAL_RCC_ClockConfig
 .text.HAL_RCC_GetSysClockFreq
                0x0000000008001ec4      0x140 ./Drivers/STM32WLxx_HAL_Driver/Src/stm32wlxx_hal_rcc.o
                0x0000000008001ec4                HAL_RCC_GetSysClockFreq
 .text.HAL_RCC_GetHCLKFreq
                0x0000000008002004       0x28 ./Drivers/STM32WLxx_HAL_Driver/Src/stm32wlxx_hal_rcc.o
                0x0000000008002004                HAL_RCC_GetHCLKFreq
 .text.HAL_RCC_GetPCLK1Freq
                0x000000000800202c       0x24 ./Drivers/STM32WLxx_HAL_Driver/Src/stm32wlxx_hal_rcc.o
                0x000000000800202c                HAL_RCC_GetPCLK1Freq
 .text.HAL_RCC_GetPCLK2Freq
                0x0000000008002050       0x24 ./Drivers/STM32WLxx_HAL_Driver/Src/stm32wlxx_hal_rcc.o
                0x0000000008002050                HAL_RCC_GetPCLK2Freq
 .text.RCC_SetFlashLatencyFromMSIRange
                0x0000000008002074       0x60 ./Drivers/STM32WLxx_HAL_Driver/Src/stm32wlxx_hal_rcc.o
 .text.RCC_SetFlashLatency
                0x00000000080020d4      0x104 ./Drivers/STM32WLxx_HAL_Driver/Src/stm32wlxx_hal_rcc.o
 .text.LL_RCC_LSE_IsReady
                0x00000000080021d8       0x22 ./Drivers/STM32WLxx_HAL_Driver/Src/stm32wlxx_hal_rcc_ex.o
 .text.LL_RCC_SetUSARTClockSource
                0x00000000080021fa       0x30 ./Drivers/STM32WLxx_HAL_Driver/Src/stm32wlxx_hal_rcc_ex.o
 .text.LL_RCC_SetI2SClockSource
                0x000000000800222a       0x2a ./Drivers/STM32WLxx_HAL_Driver/Src/stm32wlxx_hal_rcc_ex.o
 .text.LL_RCC_SetLPUARTClockSource
                0x0000000008002254       0x2a ./Drivers/STM32WLxx_HAL_Driver/Src/stm32wlxx_hal_rcc_ex.o
 .text.LL_RCC_SetI2CClockSource
                0x000000000800227e       0x38 ./Drivers/STM32WLxx_HAL_Driver/Src/stm32wlxx_hal_rcc_ex.o
 .text.LL_RCC_SetLPTIMClockSource
                0x00000000080022b6       0x32 ./Drivers/STM32WLxx_HAL_Driver/Src/stm32wlxx_hal_rcc_ex.o
 .text.LL_RCC_SetRNGClockSource
                0x00000000080022e8       0x2a ./Drivers/STM32WLxx_HAL_Driver/Src/stm32wlxx_hal_rcc_ex.o
 .text.LL_RCC_SetADCClockSource
                0x0000000008002312       0x2a ./Drivers/STM32WLxx_HAL_Driver/Src/stm32wlxx_hal_rcc_ex.o
 .text.LL_RCC_SetRTCClockSource
                0x000000000800233c       0x2a ./Drivers/STM32WLxx_HAL_Driver/Src/stm32wlxx_hal_rcc_ex.o
 .text.LL_RCC_GetRTCClockSource
                0x0000000008002366       0x18 ./Drivers/STM32WLxx_HAL_Driver/Src/stm32wlxx_hal_rcc_ex.o
 .text.LL_RCC_ForceBackupDomainReset
                0x000000000800237e       0x20 ./Drivers/STM32WLxx_HAL_Driver/Src/stm32wlxx_hal_rcc_ex.o
 .text.LL_RCC_ReleaseBackupDomainReset
                0x000000000800239e       0x20 ./Drivers/STM32WLxx_HAL_Driver/Src/stm32wlxx_hal_rcc_ex.o
 *fill*         0x00000000080023be        0x2 
 .text.HAL_RCCEx_PeriphCLKConfig
                0x00000000080023c0      0x234 ./Drivers/STM32WLxx_HAL_Driver/Src/stm32wlxx_hal_rcc_ex.o
                0x00000000080023c0                HAL_RCCEx_PeriphCLKConfig
 .text.LL_RCC_GetUSARTClockSource
                0x00000000080025f4       0x24 ./Drivers/STM32WLxx_HAL_Driver/Src/stm32wlxx_hal_uart.o
 .text.LL_RCC_GetLPUARTClockSource
                0x0000000008002618       0x1e ./Drivers/STM32WLxx_HAL_Driver/Src/stm32wlxx_hal_uart.o
 .text.HAL_UART_Init
                0x0000000008002636       0xa0 ./Drivers/STM32WLxx_HAL_Driver/Src/stm32wlxx_hal_uart.o
                0x0000000008002636                HAL_UART_Init
 *fill*         0x00000000080026d6        0x2 
 .text.UART_SetConfig
                0x00000000080026d8      0x4e8 ./Drivers/STM32WLxx_HAL_Driver/Src/stm32wlxx_hal_uart.o
                0x00000000080026d8                UART_SetConfig
 .text.UART_AdvFeatureConfig
                0x0000000008002bc0      0x142 ./Drivers/STM32WLxx_HAL_Driver/Src/stm32wlxx_hal_uart.o
                0x0000000008002bc0                UART_AdvFeatureConfig
 .text.UART_CheckIdleState
                0x0000000008002d02       0x9c ./Drivers/STM32WLxx_HAL_Driver/Src/stm32wlxx_hal_uart.o
                0x0000000008002d02                UART_CheckIdleState
 .text.UART_WaitOnFlagUntilTimeout
                0x0000000008002d9e      0x190 ./Drivers/STM32WLxx_HAL_Driver/Src/stm32wlxx_hal_uart.o
                0x0000000008002d9e                UART_WaitOnFlagUntilTimeout
 .text.HAL_UARTEx_DisableFifoMode
                0x0000000008002f2e       0x70 ./Drivers/STM32WLxx_HAL_Driver/Src/stm32wlxx_hal_uart_ex.o
                0x0000000008002f2e                HAL_UARTEx_DisableFifoMode
 .text.HAL_UARTEx_SetTxFifoThreshold
                0x0000000008002f9e       0x7c ./Drivers/STM32WLxx_HAL_Driver/Src/stm32wlxx_hal_uart_ex.o
                0x0000000008002f9e                HAL_UARTEx_SetTxFifoThreshold
 .text.HAL_UARTEx_SetRxFifoThreshold
                0x000000000800301a       0x7c ./Drivers/STM32WLxx_HAL_Driver/Src/stm32wlxx_hal_uart_ex.o
                0x000000000800301a                HAL_UARTEx_SetRxFifoThreshold
 *fill*         0x0000000008003096        0x2 
 .text.UARTEx_SetNbDataToProcess
                0x0000000008003098       0x98 ./Drivers/STM32WLxx_HAL_Driver/Src/stm32wlxx_hal_uart_ex.o
 .text.__libc_init_array
                0x0000000008003130       0x48 d:/cubeide/stm32cubeide_1.12.0/stm32cubeide/plugins/com.st.stm32cube.ide.mcu.externaltools.gnu-tools-for-stm32.10.3-2021.10.win32_1.0.200.202301161003/tools/bin/../lib/gcc/arm-none-eabi/10.3.1/../../../../arm-none-eabi/lib/thumb/v7e-m/nofp\libc_nano.a(lib_a-init.o)
                0x0000000008003130                __libc_init_array
 .text.memset   0x0000000008003178       0x10 d:/cubeide/stm32cubeide_1.12.0/stm32cubeide/plugins/com.st.stm32cube.ide.mcu.externaltools.gnu-tools-for-stm32.10.3-2021.10.win32_1.0.200.202301161003/tools/bin/../lib/gcc/arm-none-eabi/10.3.1/../../../../arm-none-eabi/lib/thumb/v7e-m/nofp\libc_nano.a(lib_a-memset.o)
                0x0000000008003178                memset
 *(.glue_7)
 .glue_7        0x0000000008003188        0x0 linker stubs
 *(.glue_7t)
 .glue_7t       0x0000000008003188        0x0 linker stubs
 *(.eh_frame)
 .eh_frame      0x0000000008003188        0x0 d:/cubeide/stm32cubeide_1.12.0/stm32cubeide/plugins/com.st.stm32cube.ide.mcu.externaltools.gnu-tools-for-stm32.10.3-2021.10.win32_1.0.200.202301161003/tools/bin/../lib/gcc/arm-none-eabi/10.3.1/thumb/v7e-m/nofp/crtbegin.o
 *(.init)
 .init          0x0000000008003188        0x4 d:/cubeide/stm32cubeide_1.12.0/stm32cubeide/plugins/com.st.stm32cube.ide.mcu.externaltools.gnu-tools-for-stm32.10.3-2021.10.win32_1.0.200.202301161003/tools/bin/../lib/gcc/arm-none-eabi/10.3.1/thumb/v7e-m/nofp/crti.o
                0x0000000008003188                _init
 .init          0x000000000800318c        0x8 d:/cubeide/stm32cubeide_1.12.0/stm32cubeide/plugins/com.st.stm32cube.ide.mcu.externaltools.gnu-tools-for-stm32.10.3-2021.10.win32_1.0.200.202301161003/tools/bin/../lib/gcc/arm-none-eabi/10.3.1/thumb/v7e-m/nofp/crtn.o
 *(.fini)
 .fini          0x0000000008003194        0x4 d:/cubeide/stm32cubeide_1.12.0/stm32cubeide/plugins/com.st.stm32cube.ide.mcu.externaltools.gnu-tools-for-stm32.10.3-2021.10.win32_1.0.200.202301161003/tools/bin/../lib/gcc/arm-none-eabi/10.3.1/thumb/v7e-m/nofp/crti.o
                0x0000000008003194                _fini
 .fini          0x0000000008003198        0x8 d:/cubeide/stm32cubeide_1.12.0/stm32cubeide/plugins/com.st.stm32cube.ide.mcu.externaltools.gnu-tools-for-stm32.10.3-2021.10.win32_1.0.200.202301161003/tools/bin/../lib/gcc/arm-none-eabi/10.3.1/thumb/v7e-m/nofp/crtn.o
                0x00000000080031a0                . = ALIGN (0x4)
                0x00000000080031a0                _etext = .

.vfp11_veneer   0x00000000080031a0        0x0
 .vfp11_veneer  0x00000000080031a0        0x0 linker stubs

.v4_bx          0x00000000080031a0        0x0
 .v4_bx         0x00000000080031a0        0x0 linker stubs

.iplt           0x00000000080031a0        0x0
 .iplt          0x00000000080031a0        0x0 d:/cubeide/stm32cubeide_1.12.0/stm32cubeide/plugins/com.st.stm32cube.ide.mcu.externaltools.gnu-tools-for-stm32.10.3-2021.10.win32_1.0.200.202301161003/tools/bin/../lib/gcc/arm-none-eabi/10.3.1/thumb/v7e-m/nofp/crtbegin.o

.rodata         0x00000000080031a0       0xe4
                0x00000000080031a0                . = ALIGN (0x4)
 *(.rodata)
 .rodata        0x00000000080031a0       0x1c ./Drivers/STM32WLxx_HAL_Driver/Src/stm32wlxx_hal_rcc.o
 *(.rodata*)
 .rodata.AHBPrescTable
                0x00000000080031bc       0x40 ./Core/Src/system_stm32wlxx.o
                0x00000000080031bc                AHBPrescTable
 .rodata.APBPrescTable
                0x00000000080031fc       0x20 ./Core/Src/system_stm32wlxx.o
                0x00000000080031fc                APBPrescTable
 .rodata.MSIRangeTable
                0x000000000800321c       0x40 ./Core/Src/system_stm32wlxx.o
                0x000000000800321c                MSIRangeTable
 .rodata.UARTPrescTable
                0x000000000800325c       0x18 ./Drivers/STM32WLxx_HAL_Driver/Src/stm32wlxx_hal_uart.o
                0x000000000800325c                UARTPrescTable
 .rodata.numerator.1
                0x0000000008003274        0x8 ./Drivers/STM32WLxx_HAL_Driver/Src/stm32wlxx_hal_uart_ex.o
 .rodata.denominator.0
                0x000000000800327c        0x8 ./Drivers/STM32WLxx_HAL_Driver/Src/stm32wlxx_hal_uart_ex.o
                0x0000000008003284                . = ALIGN (0x4)

.ARM.extab      0x0000000008003284        0x0
                0x0000000008003284                . = ALIGN (0x4)
 *(.ARM.extab* .gnu.linkonce.armextab.*)
                0x0000000008003284                . = ALIGN (0x4)

.ARM            0x0000000008003284        0x8
                0x0000000008003284                . = ALIGN (0x4)
                0x0000000008003284                __exidx_start = .
 *(.ARM.exidx*)
 .ARM.exidx     0x0000000008003284        0x8 d:/cubeide/stm32cubeide_1.12.0/stm32cubeide/plugins/com.st.stm32cube.ide.mcu.externaltools.gnu-tools-for-stm32.10.3-2021.10.win32_1.0.200.202301161003/tools/bin/../lib/gcc/arm-none-eabi/10.3.1/thumb/v7e-m/nofp\libgcc.a(_udivmoddi4.o)
                0x000000000800328c                __exidx_end = .
                0x000000000800328c                . = ALIGN (0x4)

.rel.dyn        0x000000000800328c        0x0
 .rel.iplt      0x000000000800328c        0x0 d:/cubeide/stm32cubeide_1.12.0/stm32cubeide/plugins/com.st.stm32cube.ide.mcu.externaltools.gnu-tools-for-stm32.10.3-2021.10.win32_1.0.200.202301161003/tools/bin/../lib/gcc/arm-none-eabi/10.3.1/thumb/v7e-m/nofp/crtbegin.o

.preinit_array  0x000000000800328c        0x0
                0x000000000800328c                . = ALIGN (0x4)
                0x000000000800328c                PROVIDE (__preinit_array_start = .)
 *(.preinit_array*)
                0x000000000800328c                PROVIDE (__preinit_array_end = .)
                0x000000000800328c                . = ALIGN (0x4)

.init_array     0x000000000800328c        0x4
                0x000000000800328c                . = ALIGN (0x4)
                0x000000000800328c                PROVIDE (__init_array_start = .)
 *(SORT_BY_NAME(.init_array.*))
 *(.init_array*)
 .init_array    0x000000000800328c        0x4 d:/cubeide/stm32cubeide_1.12.0/stm32cubeide/plugins/com.st.stm32cube.ide.mcu.externaltools.gnu-tools-for-stm32.10.3-2021.10.win32_1.0.200.202301161003/tools/bin/../lib/gcc/arm-none-eabi/10.3.1/thumb/v7e-m/nofp/crtbegin.o
                0x0000000008003290                PROVIDE (__init_array_end = .)
                0x0000000008003290                . = ALIGN (0x4)

.fini_array     0x0000000008003290        0x4
                0x0000000008003290                . = ALIGN (0x4)
                [!provide]                        PROVIDE (__fini_array_start = .)
 *(SORT_BY_NAME(.fini_array.*))
 *(.fini_array*)
 .fini_array    0x0000000008003290        0x4 d:/cubeide/stm32cubeide_1.12.0/stm32cubeide/plugins/com.st.stm32cube.ide.mcu.externaltools.gnu-tools-for-stm32.10.3-2021.10.win32_1.0.200.202301161003/tools/bin/../lib/gcc/arm-none-eabi/10.3.1/thumb/v7e-m/nofp/crtbegin.o
                [!provide]                        PROVIDE (__fini_array_end = .)
                0x0000000008003294                . = ALIGN (0x4)
                0x0000000008003294                _sidata = LOADADDR (.data)

.data           0x0000000020000000        0xc load address 0x0000000008003294
                0x0000000020000000                . = ALIGN (0x4)
                0x0000000020000000                _sdata = .
 *(.data)
 *(.data*)
 .data.SystemCoreClock
                0x0000000020000000        0x4 ./Core/Src/system_stm32wlxx.o
                0x0000000020000000                SystemCoreClock
 .data.uwTickPrio
                0x0000000020000004        0x4 ./Drivers/STM32WLxx_HAL_Driver/Src/stm32wlxx_hal.o
                0x0000000020000004                uwTickPrio
 .data.uwTickFreq
                0x0000000020000008        0x1 ./Drivers/STM32WLxx_HAL_Driver/Src/stm32wlxx_hal.o
                0x0000000020000008                uwTickFreq
 *(.RamFunc)
 *(.RamFunc*)
                0x000000002000000c                . = ALIGN (0x4)
 *fill*         0x0000000020000009        0x3 
                0x000000002000000c                _edata = .

.igot.plt       0x000000002000000c        0x0 load address 0x00000000080032a0
 .igot.plt      0x000000002000000c        0x0 d:/cubeide/stm32cubeide_1.12.0/stm32cubeide/plugins/com.st.stm32cube.ide.mcu.externaltools.gnu-tools-for-stm32.10.3-2021.10.win32_1.0.200.202301161003/tools/bin/../lib/gcc/arm-none-eabi/10.3.1/thumb/v7e-m/nofp/crtbegin.o
                0x000000002000000c                . = ALIGN (0x4)

.bss            0x000000002000000c       0xb4 load address 0x00000000080032a0
                0x000000002000000c                _sbss = .
                0x000000002000000c                __bss_start__ = _sbss
 *(.bss)
 .bss           0x000000002000000c       0x1c d:/cubeide/stm32cubeide_1.12.0/stm32cubeide/plugins/com.st.stm32cube.ide.mcu.externaltools.gnu-tools-for-stm32.10.3-2021.10.win32_1.0.200.202301161003/tools/bin/../lib/gcc/arm-none-eabi/10.3.1/thumb/v7e-m/nofp/crtbegin.o
 *(.bss*)
 .bss.huart2    0x0000000020000028       0x94 ./Core/Src/usart.o
                0x0000000020000028                huart2
 .bss.uwTick    0x00000000200000bc        0x4 ./Drivers/STM32WLxx_HAL_Driver/Src/stm32wlxx_hal.o
                0x00000000200000bc                uwTick
 *(COMMON)
                0x00000000200000c0                . = ALIGN (0x4)
                0x00000000200000c0                _ebss = .
                0x00000000200000c0                __bss_end__ = _ebss

._user_heap_stack
                0x00000000200000c0      0x600 load address 0x00000000080032a0
                0x00000000200000c0                . = ALIGN (0x8)
                [!provide]                        PROVIDE (end = .)
                0x00000000200000c0                PROVIDE (_end = .)
                0x00000000200002c0                . = (. + _Min_Heap_Size)
 *fill*         0x00000000200000c0      0x200 
                0x00000000200006c0                . = (. + _Min_Stack_Size)
 *fill*         0x00000000200002c0      0x400 
                0x00000000200006c0                . = ALIGN (0x8)

/DISCARD/
 libc.a(*)
 libm.a(*)
 libgcc.a(*)

.ARM.attributes
                0x0000000000000000       0x2a
 *(.ARM.attributes)
 .ARM.attributes
                0x0000000000000000       0x1e d:/cubeide/stm32cubeide_1.12.0/stm32cubeide/plugins/com.st.stm32cube.ide.mcu.externaltools.gnu-tools-for-stm32.10.3-2021.10.win32_1.0.200.202301161003/tools/bin/../lib/gcc/arm-none-eabi/10.3.1/thumb/v7e-m/nofp/crti.o
 .ARM.attributes
                0x000000000000001e       0x2e d:/cubeide/stm32cubeide_1.12.0/stm32cubeide/plugins/com.st.stm32cube.ide.mcu.externaltools.gnu-tools-for-stm32.10.3-2021.10.win32_1.0.200.202301161003/tools/bin/../lib/gcc/arm-none-eabi/10.3.1/thumb/v7e-m/nofp/crtbegin.o
 .ARM.attributes
                0x000000000000004c       0x2e ./Core/Src/gpio.o
 .ARM.attributes
                0x000000000000007a       0x2e ./Core/Src/main.o
 .ARM.attributes
                0x00000000000000a8       0x2e ./Core/Src/stm32wlxx_hal_msp.o
 .ARM.attributes
                0x00000000000000d6       0x2e ./Core/Src/stm32wlxx_it.o
 .ARM.attributes
                0x0000000000000104       0x2e ./Core/Src/system_stm32wlxx.o
 .ARM.attributes
                0x0000000000000132       0x2e ./Core/Src/usart.o
 .ARM.attributes
                0x0000000000000160       0x21 ./Core/Startup/startup_stm32wl55jcix.o
 .ARM.attributes
                0x0000000000000181       0x2e ./Drivers/STM32WLxx_HAL_Driver/Src/stm32wlxx_hal.o
 .ARM.attributes
                0x00000000000001af       0x2e ./Drivers/STM32WLxx_HAL_Driver/Src/stm32wlxx_hal_cortex.o
 .ARM.attributes
                0x00000000000001dd       0x2e ./Drivers/STM32WLxx_HAL_Driver/Src/stm32wlxx_hal_gpio.o
 .ARM.attributes
                0x000000000000020b       0x2e ./Drivers/STM32WLxx_HAL_Driver/Src/stm32wlxx_hal_pwr.o
 .ARM.attributes
                0x0000000000000239       0x2e ./Drivers/STM32WLxx_HAL_Driver/Src/stm32wlxx_hal_pwr_ex.o
 .ARM.attributes
                0x0000000000000267       0x2e ./Drivers/STM32WLxx_HAL_Driver/Src/stm32wlxx_hal_rcc.o
 .ARM.attributes
                0x0000000000000295       0x2e ./Drivers/STM32WLxx_HAL_Driver/Src/stm32wlxx_hal_rcc_ex.o
 .ARM.attributes
                0x00000000000002c3       0x2e ./Drivers/STM32WLxx_HAL_Driver/Src/stm32wlxx_hal_uart.o
 .ARM.attributes
                0x00000000000002f1       0x2e ./Drivers/STM32WLxx_HAL_Driver/Src/stm32wlxx_hal_uart_ex.o
 .ARM.attributes
                0x000000000000031f       0x2e d:/cubeide/stm32cubeide_1.12.0/stm32cubeide/plugins/com.st.stm32cube.ide.mcu.externaltools.gnu-tools-for-stm32.10.3-2021.10.win32_1.0.200.202301161003/tools/bin/../lib/gcc/arm-none-eabi/10.3.1/../../../../arm-none-eabi/lib/thumb/v7e-m/nofp\libc_nano.a(lib_a-init.o)
 .ARM.attributes
                0x000000000000034d       0x2e d:/cubeide/stm32cubeide_1.12.0/stm32cubeide/plugins/com.st.stm32cube.ide.mcu.externaltools.gnu-tools-for-stm32.10.3-2021.10.win32_1.0.200.202301161003/tools/bin/../lib/gcc/arm-none-eabi/10.3.1/../../../../arm-none-eabi/lib/thumb/v7e-m/nofp\libc_nano.a(lib_a-memset.o)
 .ARM.attributes
                0x000000000000037b       0x1e d:/cubeide/stm32cubeide_1.12.0/stm32cubeide/plugins/com.st.stm32cube.ide.mcu.externaltools.gnu-tools-for-stm32.10.3-2021.10.win32_1.0.200.202301161003/tools/bin/../lib/gcc/arm-none-eabi/10.3.1/thumb/v7e-m/nofp\libgcc.a(_aeabi_uldivmod.o)
 .ARM.attributes
                0x0000000000000399       0x2e d:/cubeide/stm32cubeide_1.12.0/stm32cubeide/plugins/com.st.stm32cube.ide.mcu.externaltools.gnu-tools-for-stm32.10.3-2021.10.win32_1.0.200.202301161003/tools/bin/../lib/gcc/arm-none-eabi/10.3.1/thumb/v7e-m/nofp\libgcc.a(_udivmoddi4.o)
 .ARM.attributes
                0x00000000000003c7       0x1e d:/cubeide/stm32cubeide_1.12.0/stm32cubeide/plugins/com.st.stm32cube.ide.mcu.externaltools.gnu-tools-for-stm32.10.3-2021.10.win32_1.0.200.202301161003/tools/bin/../lib/gcc/arm-none-eabi/10.3.1/thumb/v7e-m/nofp\libgcc.a(_dvmd_tls.o)
 .ARM.attributes
                0x00000000000003e5       0x1e d:/cubeide/stm32cubeide_1.12.0/stm32cubeide/plugins/com.st.stm32cube.ide.mcu.externaltools.gnu-tools-for-stm32.10.3-2021.10.win32_1.0.200.202301161003/tools/bin/../lib/gcc/arm-none-eabi/10.3.1/thumb/v7e-m/nofp/crtn.o
OUTPUT(buttons_int.elf elf32-littlearm)
LOAD linker stubs
LOAD d:/cubeide/stm32cubeide_1.12.0/stm32cubeide/plugins/com.st.stm32cube.ide.mcu.externaltools.gnu-tools-for-stm32.10.3-2021.10.win32_1.0.200.202301161003/tools/bin/../lib/gcc/arm-none-eabi/10.3.1/../../../../arm-none-eabi/lib/thumb/v7e-m/nofp\libc.a
LOAD d:/cubeide/stm32cubeide_1.12.0/stm32cubeide/plugins/com.st.stm32cube.ide.mcu.externaltools.gnu-tools-for-stm32.10.3-2021.10.win32_1.0.200.202301161003/tools/bin/../lib/gcc/arm-none-eabi/10.3.1/../../../../arm-none-eabi/lib/thumb/v7e-m/nofp\libm.a
LOAD d:/cubeide/stm32cubeide_1.12.0/stm32cubeide/plugins/com.st.stm32cube.ide.mcu.externaltools.gnu-tools-for-stm32.10.3-2021.10.win32_1.0.200.202301161003/tools/bin/../lib/gcc/arm-none-eabi/10.3.1/thumb/v7e-m/nofp\libgcc.a

.debug_info     0x0000000000000000     0xea90
 .debug_info    0x0000000000000000      0x824 ./Core/Src/gpio.o
 .debug_info    0x0000000000000824      0x9e1 ./Core/Src/main.o
 .debug_info    0x0000000000001205       0xcd ./Core/Src/stm32wlxx_hal_msp.o
 .debug_info    0x00000000000012d2      0x1c7 ./Core/Src/stm32wlxx_it.o
 .debug_info    0x0000000000001499      0x566 ./Core/Src/system_stm32wlxx.o
 .debug_info    0x00000000000019ff      0xf4e ./Core/Src/usart.o
 .debug_info    0x000000000000294d       0x22 ./Core/Startup/startup_stm32wl55jcix.o
 .debug_info    0x000000000000296f     0x1209 ./Drivers/STM32WLxx_HAL_Driver/Src/stm32wlxx_hal.o
 .debug_info    0x0000000000003b78      0xdc3 ./Drivers/STM32WLxx_HAL_Driver/Src/stm32wlxx_hal_cortex.o
 .debug_info    0x000000000000493b      0x79c ./Drivers/STM32WLxx_HAL_Driver/Src/stm32wlxx_hal_gpio.o
 .debug_info    0x00000000000050d7      0x912 ./Drivers/STM32WLxx_HAL_Driver/Src/stm32wlxx_hal_pwr.o
 .debug_info    0x00000000000059e9      0xe53 ./Drivers/STM32WLxx_HAL_Driver/Src/stm32wlxx_hal_pwr_ex.o
 .debug_info    0x000000000000683c     0x14a8 ./Drivers/STM32WLxx_HAL_Driver/Src/stm32wlxx_hal_rcc.o
 .debug_info    0x0000000000007ce4     0x102c ./Drivers/STM32WLxx_HAL_Driver/Src/stm32wlxx_hal_rcc_ex.o
 .debug_info    0x0000000000008d10     0x4cd9 ./Drivers/STM32WLxx_HAL_Driver/Src/stm32wlxx_hal_uart.o
 .debug_info    0x000000000000d9e9     0x10a7 ./Drivers/STM32WLxx_HAL_Driver/Src/stm32wlxx_hal_uart_ex.o

.debug_abbrev   0x0000000000000000     0x2184
 .debug_abbrev  0x0000000000000000      0x19e ./Core/Src/gpio.o
 .debug_abbrev  0x000000000000019e      0x23b ./Core/Src/main.o
 .debug_abbrev  0x00000000000003d9       0x80 ./Core/Src/stm32wlxx_hal_msp.o
 .debug_abbrev  0x0000000000000459       0xc9 ./Core/Src/stm32wlxx_it.o
 .debug_abbrev  0x0000000000000522      0x138 ./Core/Src/system_stm32wlxx.o
 .debug_abbrev  0x000000000000065a      0x25e ./Core/Src/usart.o
 .debug_abbrev  0x00000000000008b8       0x12 ./Core/Startup/startup_stm32wl55jcix.o
 .debug_abbrev  0x00000000000008ca      0x334 ./Drivers/STM32WLxx_HAL_Driver/Src/stm32wlxx_hal.o
 .debug_abbrev  0x0000000000000bfe      0x2d5 ./Drivers/STM32WLxx_HAL_Driver/Src/stm32wlxx_hal_cortex.o
 .debug_abbrev  0x0000000000000ed3      0x1d9 ./Drivers/STM32WLxx_HAL_Driver/Src/stm32wlxx_hal_gpio.o
 .debug_abbrev  0x00000000000010ac      0x203 ./Drivers/STM32WLxx_HAL_Driver/Src/stm32wlxx_hal_pwr.o
 .debug_abbrev  0x00000000000012af      0x2fa ./Drivers/STM32WLxx_HAL_Driver/Src/stm32wlxx_hal_pwr_ex.o
 .debug_abbrev  0x00000000000015a9      0x324 ./Drivers/STM32WLxx_HAL_Driver/Src/stm32wlxx_hal_rcc.o
 .debug_abbrev  0x00000000000018cd      0x2bd ./Drivers/STM32WLxx_HAL_Driver/Src/stm32wlxx_hal_rcc_ex.o
 .debug_abbrev  0x0000000000001b8a      0x33d ./Drivers/STM32WLxx_HAL_Driver/Src/stm32wlxx_hal_uart.o
 .debug_abbrev  0x0000000000001ec7      0x2bd ./Drivers/STM32WLxx_HAL_Driver/Src/stm32wlxx_hal_uart_ex.o

.debug_aranges  0x0000000000000000      0xf30
 .debug_aranges
                0x0000000000000000       0x28 ./Core/Src/gpio.o
 .debug_aranges
                0x0000000000000028       0x40 ./Core/Src/main.o
 .debug_aranges
                0x0000000000000068       0x20 ./Core/Src/stm32wlxx_hal_msp.o
 .debug_aranges
                0x0000000000000088       0x78 ./Core/Src/stm32wlxx_it.o
 .debug_aranges
                0x0000000000000100       0x28 ./Core/Src/system_stm32wlxx.o
 .debug_aranges
                0x0000000000000128       0x48 ./Core/Src/usart.o
 .debug_aranges
                0x0000000000000170       0x28 ./Core/Startup/startup_stm32wl55jcix.o
 .debug_aranges
                0x0000000000000198      0x240 ./Drivers/STM32WLxx_HAL_Driver/Src/stm32wlxx_hal.o
 .debug_aranges
                0x00000000000003d8      0x118 ./Drivers/STM32WLxx_HAL_Driver/Src/stm32wlxx_hal_cortex.o
 .debug_aranges
                0x00000000000004f0       0x60 ./Drivers/STM32WLxx_HAL_Driver/Src/stm32wlxx_hal_gpio.o
 .debug_aranges
                0x0000000000000550       0xc8 ./Drivers/STM32WLxx_HAL_Driver/Src/stm32wlxx_hal_pwr.o
 .debug_aranges
                0x0000000000000618      0x200 ./Drivers/STM32WLxx_HAL_Driver/Src/stm32wlxx_hal_pwr_ex.o
 .debug_aranges
                0x0000000000000818      0x230 ./Drivers/STM32WLxx_HAL_Driver/Src/stm32wlxx_hal_rcc.o
 .debug_aranges
                0x0000000000000a48      0x1e8 ./Drivers/STM32WLxx_HAL_Driver/Src/stm32wlxx_hal_rcc_ex.o
 .debug_aranges
                0x0000000000000c30      0x258 ./Drivers/STM32WLxx_HAL_Driver/Src/stm32wlxx_hal_uart.o
 .debug_aranges
                0x0000000000000e88       0xa8 ./Drivers/STM32WLxx_HAL_Driver/Src/stm32wlxx_hal_uart_ex.o

.debug_ranges   0x0000000000000000      0xe68
 .debug_ranges  0x0000000000000000       0x18 ./Core/Src/gpio.o
 .debug_ranges  0x0000000000000018       0x30 ./Core/Src/main.o
 .debug_ranges  0x0000000000000048       0x10 ./Core/Src/stm32wlxx_hal_msp.o
 .debug_ranges  0x0000000000000058       0x68 ./Core/Src/stm32wlxx_it.o
 .debug_ranges  0x00000000000000c0       0x18 ./Core/Src/system_stm32wlxx.o
 .debug_ranges  0x00000000000000d8       0x38 ./Core/Src/usart.o
 .debug_ranges  0x0000000000000110       0x20 ./Core/Startup/startup_stm32wl55jcix.o
 .debug_ranges  0x0000000000000130      0x230 ./Drivers/STM32WLxx_HAL_Driver/Src/stm32wlxx_hal.o
 .debug_ranges  0x0000000000000360      0x108 ./Drivers/STM32WLxx_HAL_Driver/Src/stm32wlxx_hal_cortex.o
 .debug_ranges  0x0000000000000468       0x50 ./Drivers/STM32WLxx_HAL_Driver/Src/stm32wlxx_hal_gpio.o
 .debug_ranges  0x00000000000004b8       0xb8 ./Drivers/STM32WLxx_HAL_Driver/Src/stm32wlxx_hal_pwr.o
 .debug_ranges  0x0000000000000570      0x1f0 ./Drivers/STM32WLxx_HAL_Driver/Src/stm32wlxx_hal_pwr_ex.o
 .debug_ranges  0x0000000000000760      0x220 ./Drivers/STM32WLxx_HAL_Driver/Src/stm32wlxx_hal_rcc.o
 .debug_ranges  0x0000000000000980      0x1d8 ./Drivers/STM32WLxx_HAL_Driver/Src/stm32wlxx_hal_rcc_ex.o
 .debug_ranges  0x0000000000000b58      0x278 ./Drivers/STM32WLxx_HAL_Driver/Src/stm32wlxx_hal_uart.o
 .debug_ranges  0x0000000000000dd0       0x98 ./Drivers/STM32WLxx_HAL_Driver/Src/stm32wlxx_hal_uart_ex.o

.debug_macro    0x0000000000000000    0x1b7af
 .debug_macro   0x0000000000000000      0x21e ./Core/Src/gpio.o
 .debug_macro   0x000000000000021e      0xa72 ./Core/Src/gpio.o
 .debug_macro   0x0000000000000c90      0x11e ./Core/Src/gpio.o
 .debug_macro   0x0000000000000dae       0x2e ./Core/Src/gpio.o
 .debug_macro   0x0000000000000ddc       0x3a ./Core/Src/gpio.o
 .debug_macro   0x0000000000000e16       0x22 ./Core/Src/gpio.o
 .debug_macro   0x0000000000000e38       0x8e ./Core/Src/gpio.o
 .debug_macro   0x0000000000000ec6       0x51 ./Core/Src/gpio.o
 .debug_macro   0x0000000000000f17      0x103 ./Core/Src/gpio.o
 .debug_macro   0x000000000000101a       0x6a ./Core/Src/gpio.o
 .debug_macro   0x0000000000001084      0x1df ./Core/Src/gpio.o
 .debug_macro   0x0000000000001263       0x1c ./Core/Src/gpio.o
 .debug_macro   0x000000000000127f       0x22 ./Core/Src/gpio.o
 .debug_macro   0x00000000000012a1       0xfb ./Core/Src/gpio.o
 .debug_macro   0x000000000000139c     0x1011 ./Core/Src/gpio.o
 .debug_macro   0x00000000000023ad      0x11f ./Core/Src/gpio.o
 .debug_macro   0x00000000000024cc     0xf31a ./Core/Src/gpio.o
 .debug_macro   0x00000000000117e6       0x6d ./Core/Src/gpio.o
 .debug_macro   0x0000000000011853     0x341d ./Core/Src/gpio.o
 .debug_macro   0x0000000000014c70      0x174 ./Core/Src/gpio.o
 .debug_macro   0x0000000000014de4       0x5c ./Core/Src/gpio.o
 .debug_macro   0x0000000000014e40      0x416 ./Core/Src/gpio.o
 .debug_macro   0x0000000000015256      0x29c ./Core/Src/gpio.o
 .debug_macro   0x00000000000154f2      0x35a ./Core/Src/gpio.o
 .debug_macro   0x000000000001584c      0x196 ./Core/Src/gpio.o
 .debug_macro   0x00000000000159e2       0x4a ./Core/Src/gpio.o
 .debug_macro   0x0000000000015a2c      0x236 ./Core/Src/gpio.o
 .debug_macro   0x0000000000015c62      0x229 ./Core/Src/gpio.o
 .debug_macro   0x0000000000015e8b      0x3fa ./Core/Src/gpio.o
 .debug_macro   0x0000000000016285       0x2e ./Core/Src/gpio.o
 .debug_macro   0x00000000000162b3      0x107 ./Core/Src/gpio.o
 .debug_macro   0x00000000000163ba      0x1ba ./Core/Src/gpio.o
 .debug_macro   0x0000000000016574       0xe6 ./Core/Src/gpio.o
 .debug_macro   0x000000000001665a      0x283 ./Core/Src/gpio.o
 .debug_macro   0x00000000000168dd      0x133 ./Core/Src/gpio.o
 .debug_macro   0x0000000000016a10      0x36f ./Core/Src/gpio.o
 .debug_macro   0x0000000000016d7f      0x683 ./Core/Src/gpio.o
 .debug_macro   0x0000000000017402      0x20e ./Core/Src/gpio.o
 .debug_macro   0x0000000000017610      0xfb4 ./Core/Src/gpio.o
 .debug_macro   0x00000000000185c4      0x136 ./Core/Src/gpio.o
 .debug_macro   0x00000000000186fa      0x2db ./Core/Src/gpio.o
 .debug_macro   0x00000000000189d5      0x693 ./Core/Src/gpio.o
 .debug_macro   0x0000000000019068       0xa6 ./Core/Src/gpio.o
 .debug_macro   0x000000000001910e      0x45a ./Core/Src/gpio.o
 .debug_macro   0x0000000000019568      0x3c0 ./Core/Src/gpio.o
 .debug_macro   0x0000000000019928       0x9a ./Core/Src/gpio.o
 .debug_macro   0x00000000000199c2      0x22c ./Core/Src/main.o
 .debug_macro   0x0000000000019bee      0x214 ./Core/Src/stm32wlxx_hal_msp.o
 .debug_macro   0x0000000000019e02      0x21e ./Core/Src/stm32wlxx_it.o
 .debug_macro   0x000000000001a020      0x205 ./Core/Src/system_stm32wlxx.o
 .debug_macro   0x000000000001a225      0x21e ./Core/Src/usart.o
 .debug_macro   0x000000000001a443      0x229 ./Drivers/STM32WLxx_HAL_Driver/Src/stm32wlxx_hal.o
 .debug_macro   0x000000000001a66c      0x205 ./Drivers/STM32WLxx_HAL_Driver/Src/stm32wlxx_hal_cortex.o
 .debug_macro   0x000000000001a871      0x20b ./Drivers/STM32WLxx_HAL_Driver/Src/stm32wlxx_hal_gpio.o
 .debug_macro   0x000000000001aa7c      0x25f ./Drivers/STM32WLxx_HAL_Driver/Src/stm32wlxx_hal_pwr.o
 .debug_macro   0x000000000001acdb      0x217 ./Drivers/STM32WLxx_HAL_Driver/Src/stm32wlxx_hal_pwr_ex.o
 .debug_macro   0x000000000001aef2      0x265 ./Drivers/STM32WLxx_HAL_Driver/Src/stm32wlxx_hal_rcc.o
 .debug_macro   0x000000000001b157      0x217 ./Drivers/STM32WLxx_HAL_Driver/Src/stm32wlxx_hal_rcc_ex.o
 .debug_macro   0x000000000001b36e      0x230 ./Drivers/STM32WLxx_HAL_Driver/Src/stm32wlxx_hal_uart.o
 .debug_macro   0x000000000001b59e      0x211 ./Drivers/STM32WLxx_HAL_Driver/Src/stm32wlxx_hal_uart_ex.o

.debug_line     0x0000000000000000     0xe360
 .debug_line    0x0000000000000000      0x79b ./Core/Src/gpio.o
 .debug_line    0x000000000000079b      0x80b ./Core/Src/main.o
 .debug_line    0x0000000000000fa6      0x73d ./Core/Src/stm32wlxx_hal_msp.o
 .debug_line    0x00000000000016e3      0x84c ./Core/Src/stm32wlxx_it.o
 .debug_line    0x0000000000001f2f      0x7d5 ./Core/Src/system_stm32wlxx.o
 .debug_line    0x0000000000002704      0x840 ./Core/Src/usart.o
 .debug_line    0x0000000000002f44       0x89 ./Core/Startup/startup_stm32wl55jcix.o
 .debug_line    0x0000000000002fcd      0xeee ./Drivers/STM32WLxx_HAL_Driver/Src/stm32wlxx_hal.o
 .debug_line    0x0000000000003ebb      0xcd5 ./Drivers/STM32WLxx_HAL_Driver/Src/stm32wlxx_hal_cortex.o
 .debug_line    0x0000000000004b90      0xb4a ./Drivers/STM32WLxx_HAL_Driver/Src/stm32wlxx_hal_gpio.o
 .debug_line    0x00000000000056da      0x9ce ./Drivers/STM32WLxx_HAL_Driver/Src/stm32wlxx_hal_pwr.o
 .debug_line    0x00000000000060a8      0xeac ./Drivers/STM32WLxx_HAL_Driver/Src/stm32wlxx_hal_pwr_ex.o
 .debug_line    0x0000000000006f54     0x1704 ./Drivers/STM32WLxx_HAL_Driver/Src/stm32wlxx_hal_rcc.o
 .debug_line    0x0000000000008658     0x1346 ./Drivers/STM32WLxx_HAL_Driver/Src/stm32wlxx_hal_rcc_ex.o
 .debug_line    0x000000000000999e     0x3c2f ./Drivers/STM32WLxx_HAL_Driver/Src/stm32wlxx_hal_uart.o
 .debug_line    0x000000000000d5cd      0xd93 ./Drivers/STM32WLxx_HAL_Driver/Src/stm32wlxx_hal_uart_ex.o

.debug_str      0x0000000000000000    0xac703
 .debug_str     0x0000000000000000    0xa8499 ./Core/Src/gpio.o
                                      0xa8a95 (size before relaxing)
 .debug_str     0x00000000000a8499      0x312 ./Core/Src/main.o
                                      0xa88c7 (size before relaxing)
 .debug_str     0x00000000000a87ab       0x2c ./Core/Src/stm32wlxx_hal_msp.o
                                      0xa8351 (size before relaxing)
 .debug_str     0x00000000000a87d7      0x117 ./Core/Src/stm32wlxx_it.o
                                      0xa8450 (size before relaxing)
 .debug_str     0x00000000000a88ee       0x9e ./Core/Src/system_stm32wlxx.o
                                      0xa83af (size before relaxing)
 .debug_str     0x00000000000a898c      0x737 ./Core/Src/usart.o
                                      0xa8df7 (size before relaxing)
 .debug_str     0x00000000000a90c3       0x36 ./Core/Startup/startup_stm32wl55jcix.o
                                         0x52 (size before relaxing)
 .debug_str     0x00000000000a90f9      0x8ee ./Drivers/STM32WLxx_HAL_Driver/Src/stm32wlxx_hal.o
                                      0xa9197 (size before relaxing)
 .debug_str     0x00000000000a99e7      0x385 ./Drivers/STM32WLxx_HAL_Driver/Src/stm32wlxx_hal_cortex.o
                                      0xa8a95 (size before relaxing)
 .debug_str     0x00000000000a9d6c      0x100 ./Drivers/STM32WLxx_HAL_Driver/Src/stm32wlxx_hal_gpio.o
                                      0xa8408 (size before relaxing)
 .debug_str     0x00000000000a9e6c      0x52d ./Drivers/STM32WLxx_HAL_Driver/Src/stm32wlxx_hal_pwr.o
                                      0xa8807 (size before relaxing)
 .debug_str     0x00000000000aa399      0x6ba ./Drivers/STM32WLxx_HAL_Driver/Src/stm32wlxx_hal_pwr_ex.o
                                      0xa8b67 (size before relaxing)
 .debug_str     0x00000000000aaa53      0xab3 ./Drivers/STM32WLxx_HAL_Driver/Src/stm32wlxx_hal_rcc.o
                                      0xa917b (size before relaxing)
 .debug_str     0x00000000000ab506      0x569 ./Drivers/STM32WLxx_HAL_Driver/Src/stm32wlxx_hal_rcc_ex.o
                                      0xa8cd6 (size before relaxing)
 .debug_str     0x00000000000aba6f      0xa29 ./Drivers/STM32WLxx_HAL_Driver/Src/stm32wlxx_hal_uart.o
                                      0xa93ed (size before relaxing)
 .debug_str     0x00000000000ac498      0x26b ./Drivers/STM32WLxx_HAL_Driver/Src/stm32wlxx_hal_uart_ex.o
                                      0xa8ae6 (size before relaxing)

.comment        0x0000000000000000       0x50
 .comment       0x0000000000000000       0x50 ./Core/Src/gpio.o
                                         0x51 (size before relaxing)
 .comment       0x0000000000000050       0x51 ./Core/Src/main.o
 .comment       0x0000000000000050       0x51 ./Core/Src/stm32wlxx_hal_msp.o
 .comment       0x0000000000000050       0x51 ./Core/Src/stm32wlxx_it.o
 .comment       0x0000000000000050       0x51 ./Core/Src/system_stm32wlxx.o
 .comment       0x0000000000000050       0x51 ./Core/Src/usart.o
 .comment       0x0000000000000050       0x51 ./Drivers/STM32WLxx_HAL_Driver/Src/stm32wlxx_hal.o
 .comment       0x0000000000000050       0x51 ./Drivers/STM32WLxx_HAL_Driver/Src/stm32wlxx_hal_cortex.o
 .comment       0x0000000000000050       0x51 ./Drivers/STM32WLxx_HAL_Driver/Src/stm32wlxx_hal_gpio.o
 .comment       0x0000000000000050       0x51 ./Drivers/STM32WLxx_HAL_Driver/Src/stm32wlxx_hal_pwr.o
 .comment       0x0000000000000050       0x51 ./Drivers/STM32WLxx_HAL_Driver/Src/stm32wlxx_hal_pwr_ex.o
 .comment       0x0000000000000050       0x51 ./Drivers/STM32WLxx_HAL_Driver/Src/stm32wlxx_hal_rcc.o
 .comment       0x0000000000000050       0x51 ./Drivers/STM32WLxx_HAL_Driver/Src/stm32wlxx_hal_rcc_ex.o
 .comment       0x0000000000000050       0x51 ./Drivers/STM32WLxx_HAL_Driver/Src/stm32wlxx_hal_uart.o
 .comment       0x0000000000000050       0x51 ./Drivers/STM32WLxx_HAL_Driver/Src/stm32wlxx_hal_uart_ex.o

.debug_frame    0x0000000000000000     0x3e18
 .debug_frame   0x0000000000000000       0x5c ./Core/Src/gpio.o
 .debug_frame   0x000000000000005c       0xb4 ./Core/Src/main.o
 .debug_frame   0x0000000000000110       0x30 ./Core/Src/stm32wlxx_hal_msp.o
 .debug_frame   0x0000000000000140      0x158 ./Core/Src/stm32wlxx_it.o
 .debug_frame   0x0000000000000298       0x58 ./Core/Src/system_stm32wlxx.o
 .debug_frame   0x00000000000002f0       0xec ./Core/Src/usart.o
 .debug_frame   0x00000000000003dc      0x948 ./Drivers/STM32WLxx_HAL_Driver/Src/stm32wlxx_hal.o
 .debug_frame   0x0000000000000d24      0x498 ./Drivers/STM32WLxx_HAL_Driver/Src/stm32wlxx_hal_cortex.o
 .debug_frame   0x00000000000011bc      0x174 ./Drivers/STM32WLxx_HAL_Driver/Src/stm32wlxx_hal_gpio.o
 .debug_frame   0x0000000000001330      0x31c ./Drivers/STM32WLxx_HAL_Driver/Src/stm32wlxx_hal_pwr.o
 .debug_frame   0x000000000000164c      0x894 ./Drivers/STM32WLxx_HAL_Driver/Src/stm32wlxx_hal_pwr_ex.o
 .debug_frame   0x0000000000001ee0      0x8fc ./Drivers/STM32WLxx_HAL_Driver/Src/stm32wlxx_hal_rcc.o
 .debug_frame   0x00000000000027dc      0x7ec ./Drivers/STM32WLxx_HAL_Driver/Src/stm32wlxx_hal_rcc_ex.o
 .debug_frame   0x0000000000002fc8      0xae4 ./Drivers/STM32WLxx_HAL_Driver/Src/stm32wlxx_hal_uart.o
 .debug_frame   0x0000000000003aac      0x2c0 ./Drivers/STM32WLxx_HAL_Driver/Src/stm32wlxx_hal_uart_ex.o
 .debug_frame   0x0000000000003d6c       0x2c d:/cubeide/stm32cubeide_1.12.0/stm32cubeide/plugins/com.st.stm32cube.ide.mcu.externaltools.gnu-tools-for-stm32.10.3-2021.10.win32_1.0.200.202301161003/tools/bin/../lib/gcc/arm-none-eabi/10.3.1/../../../../arm-none-eabi/lib/thumb/v7e-m/nofp\libc_nano.a(lib_a-init.o)
 .debug_frame   0x0000000000003d98       0x20 d:/cubeide/stm32cubeide_1.12.0/stm32cubeide/plugins/com.st.stm32cube.ide.mcu.externaltools.gnu-tools-for-stm32.10.3-2021.10.win32_1.0.200.202301161003/tools/bin/../lib/gcc/arm-none-eabi/10.3.1/../../../../arm-none-eabi/lib/thumb/v7e-m/nofp\libc_nano.a(lib_a-memset.o)
 .debug_frame   0x0000000000003db8       0x2c d:/cubeide/stm32cubeide_1.12.0/stm32cubeide/plugins/com.st.stm32cube.ide.mcu.externaltools.gnu-tools-for-stm32.10.3-2021.10.win32_1.0.200.202301161003/tools/bin/../lib/gcc/arm-none-eabi/10.3.1/thumb/v7e-m/nofp\libgcc.a(_aeabi_uldivmod.o)
 .debug_frame   0x0000000000003de4       0x34 d:/cubeide/stm32cubeide_1.12.0/stm32cubeide/plugins/com.st.stm32cube.ide.mcu.externaltools.gnu-tools-for-stm32.10.3-2021.10.win32_1.0.200.202301161003/tools/bin/../lib/gcc/arm-none-eabi/10.3.1/thumb/v7e-m/nofp\libgcc.a(_udivmoddi4.o)
