Archive member included to satisfy reference by file (symbol)

d:/cubeide/stm32cubeide_1.12.0/stm32cubeide/plugins/com.st.stm32cube.ide.mcu.externaltools.gnu-tools-for-stm32.10.3-2021.10.win32_1.0.200.202301161003/tools/bin/../lib/gcc/arm-none-eabi/10.3.1/../../../../arm-none-eabi/lib/thumb/v7e-m/nofp\libc_nano.a(lib_a-errno.o)
                              ./Core/Src/syscalls.o (__errno)
d:/cubeide/stm32cubeide_1.12.0/stm32cubeide/plugins/com.st.stm32cube.ide.mcu.externaltools.gnu-tools-for-stm32.10.3-2021.10.win32_1.0.200.202301161003/tools/bin/../lib/gcc/arm-none-eabi/10.3.1/../../../../arm-none-eabi/lib/thumb/v7e-m/nofp\libc_nano.a(lib_a-exit.o)
                              d:/cubeide/stm32cubeide_1.12.0/stm32cubeide/plugins/com.st.stm32cube.ide.mcu.externaltools.gnu-tools-for-stm32.10.3-2021.10.win32_1.0.200.202301161003/tools/bin/../lib/gcc/arm-none-eabi/10.3.1/../../../../arm-none-eabi/lib/thumb/v7e-m/nofp/crt0.o (exit)
d:/cubeide/stm32cubeide_1.12.0/stm32cubeide/plugins/com.st.stm32cube.ide.mcu.externaltools.gnu-tools-for-stm32.10.3-2021.10.win32_1.0.200.202301161003/tools/bin/../lib/gcc/arm-none-eabi/10.3.1/../../../../arm-none-eabi/lib/thumb/v7e-m/nofp\libc_nano.a(lib_a-impure.o)
                              d:/cubeide/stm32cubeide_1.12.0/stm32cubeide/plugins/com.st.stm32cube.ide.mcu.externaltools.gnu-tools-for-stm32.10.3-2021.10.win32_1.0.200.202301161003/tools/bin/../lib/gcc/arm-none-eabi/10.3.1/../../../../arm-none-eabi/lib/thumb/v7e-m/nofp\libc_nano.a(lib_a-exit.o) (_global_impure_ptr)
d:/cubeide/stm32cubeide_1.12.0/stm32cubeide/plugins/com.st.stm32cube.ide.mcu.externaltools.gnu-tools-for-stm32.10.3-2021.10.win32_1.0.200.202301161003/tools/bin/../lib/gcc/arm-none-eabi/10.3.1/../../../../arm-none-eabi/lib/thumb/v7e-m/nofp\libc_nano.a(lib_a-init.o)
                              d:/cubeide/stm32cubeide_1.12.0/stm32cubeide/plugins/com.st.stm32cube.ide.mcu.externaltools.gnu-tools-for-stm32.10.3-2021.10.win32_1.0.200.202301161003/tools/bin/../lib/gcc/arm-none-eabi/10.3.1/../../../../arm-none-eabi/lib/thumb/v7e-m/nofp/crt0.o (__libc_init_array)
d:/cubeide/stm32cubeide_1.12.0/stm32cubeide/plugins/com.st.stm32cube.ide.mcu.externaltools.gnu-tools-for-stm32.10.3-2021.10.win32_1.0.200.202301161003/tools/bin/../lib/gcc/arm-none-eabi/10.3.1/../../../../arm-none-eabi/lib/thumb/v7e-m/nofp\libc_nano.a(lib_a-memset.o)
                              d:/cubeide/stm32cubeide_1.12.0/stm32cubeide/plugins/com.st.stm32cube.ide.mcu.externaltools.gnu-tools-for-stm32.10.3-2021.10.win32_1.0.200.202301161003/tools/bin/../lib/gcc/arm-none-eabi/10.3.1/../../../../arm-none-eabi/lib/thumb/v7e-m/nofp/crt0.o (memset)
d:/cubeide/stm32cubeide_1.12.0/stm32cubeide/plugins/com.st.stm32cube.ide.mcu.externaltools.gnu-tools-for-stm32.10.3-2021.10.win32_1.0.200.202301161003/tools/bin/../lib/gcc/arm-none-eabi/10.3.1/thumb/v7e-m/nofp\libgcc.a(_aeabi_uldivmod.o)
                              ./Drivers/STM32WLxx_HAL_Driver/Src/stm32wlxx_hal_uart.o (__aeabi_uldivmod)
d:/cubeide/stm32cubeide_1.12.0/stm32cubeide/plugins/com.st.stm32cube.ide.mcu.externaltools.gnu-tools-for-stm32.10.3-2021.10.win32_1.0.200.202301161003/tools/bin/../lib/gcc/arm-none-eabi/10.3.1/thumb/v7e-m/nofp\libgcc.a(_udivmoddi4.o)
                              d:/cubeide/stm32cubeide_1.12.0/stm32cubeide/plugins/com.st.stm32cube.ide.mcu.externaltools.gnu-tools-for-stm32.10.3-2021.10.win32_1.0.200.202301161003/tools/bin/../lib/gcc/arm-none-eabi/10.3.1/thumb/v7e-m/nofp\libgcc.a(_aeabi_uldivmod.o) (__udivmoddi4)
d:/cubeide/stm32cubeide_1.12.0/stm32cubeide/plugins/com.st.stm32cube.ide.mcu.externaltools.gnu-tools-for-stm32.10.3-2021.10.win32_1.0.200.202301161003/tools/bin/../lib/gcc/arm-none-eabi/10.3.1/thumb/v7e-m/nofp\libgcc.a(_dvmd_tls.o)
                              d:/cubeide/stm32cubeide_1.12.0/stm32cubeide/plugins/com.st.stm32cube.ide.mcu.externaltools.gnu-tools-for-stm32.10.3-2021.10.win32_1.0.200.202301161003/tools/bin/../lib/gcc/arm-none-eabi/10.3.1/thumb/v7e-m/nofp\libgcc.a(_aeabi_uldivmod.o) (__aeabi_ldiv0)

Discarded input sections

 .text          0x0000000000000000        0x0 d:/cubeide/stm32cubeide_1.12.0/stm32cubeide/plugins/com.st.stm32cube.ide.mcu.externaltools.gnu-tools-for-stm32.10.3-2021.10.win32_1.0.200.202301161003/tools/bin/../lib/gcc/arm-none-eabi/10.3.1/thumb/v7e-m/nofp/crti.o
 .data          0x0000000000000000        0x0 d:/cubeide/stm32cubeide_1.12.0/stm32cubeide/plugins/com.st.stm32cube.ide.mcu.externaltools.gnu-tools-for-stm32.10.3-2021.10.win32_1.0.200.202301161003/tools/bin/../lib/gcc/arm-none-eabi/10.3.1/thumb/v7e-m/nofp/crti.o
 .bss           0x0000000000000000        0x0 d:/cubeide/stm32cubeide_1.12.0/stm32cubeide/plugins/com.st.stm32cube.ide.mcu.externaltools.gnu-tools-for-stm32.10.3-2021.10.win32_1.0.200.202301161003/tools/bin/../lib/gcc/arm-none-eabi/10.3.1/thumb/v7e-m/nofp/crti.o
[...]
Memory Configuration

Name             Origin             Length             Attributes
RAM              0x0000000020000000 0x0000000000010000 xrw
RAM2             0x0000000010000000 0x0000000000008000 xrw
FLASH            0x0000000008000000 0x0000000000040000 xr
*default*        0x0000000000000000 0xffffffffffffffff

Linker script and memory map

LOAD d:/cubeide/stm32cubeide_1.12.0/stm32cubeide/plugins/com.st.stm32cube.ide.mcu.externaltools.gnu-tools-for-stm32.10.3-2021.10.win32_1.0.200.202301161003/tools/bin/../lib/gcc/arm-none-eabi/10.3.1/thumb/v7e-m/nofp/crti.o
LOAD d:/cubeide/stm32cubeide_1.12.0/stm32cubeide/plugins/com.st.stm32cube.ide.mcu.externaltools.gnu-tools-for-stm32.10.3-2021.10.win32_1.0.200.202301161003/tools/bin/../lib/gcc/arm-none-eabi/10.3.1/thumb/v7e-m/nofp/crtbegin.o
LOAD d:/cubeide/stm32cubeide_1.12.0/stm32cubeide/plugins/com.st.stm32cube.ide.mcu.externaltools.gnu-tools-for-stm32.10.3-2021.10.win32_1.0.200.202301161003/tools/bin/../lib/gcc/arm-none-eabi/10.3.1/../../../../arm-none-eabi/lib/thumb/v7e-m/nofp/crt0.o
LOAD ./Core/Src/gpio.o
LOAD ./Core/Src/main.o
LOAD ./Core/Src/stm32wlxx_hal_msp.o
LOAD ./Core/Src/stm32wlxx_it.o
LOAD ./Core/Src/syscalls.o
LOAD ./Core/Src/sysmem.o
LOAD ./Core/Src/system_stm32wlxx.o
LOAD ./Core/Src/tim.o
LOAD ./Core/Src/usart.o
LOAD ./Core/Startup/startup_stm32wl55jcix.o
LOAD ./Drivers/STM32WLxx_HAL_Driver/Src/stm32wlxx_hal.o
LOAD ./Drivers/STM32WLxx_HAL_Driver/Src/stm32wlxx_hal_cortex.o
LOAD ./Drivers/STM32WLxx_HAL_Driver/Src/stm32wlxx_hal_dma.o
LOAD ./Drivers/STM32WLxx_HAL_Driver/Src/stm32wlxx_hal_dma_ex.o
LOAD ./Drivers/STM32WLxx_HAL_Driver/Src/stm32wlxx_hal_exti.o
LOAD ./Drivers/STM32WLxx_HAL_Driver/Src/stm32wlxx_hal_flash.o
LOAD ./Drivers/STM32WLxx_HAL_Driver/Src/stm32wlxx_hal_flash_ex.o
LOAD ./Drivers/STM32WLxx_HAL_Driver/Src/stm32wlxx_hal_gpio.o
LOAD ./Drivers/STM32WLxx_HAL_Driver/Src/stm32wlxx_hal_pwr.o
LOAD ./Drivers/STM32WLxx_HAL_Driver/Src/stm32wlxx_hal_pwr_ex.o
LOAD ./Drivers/STM32WLxx_HAL_Driver/Src/stm32wlxx_hal_rcc.o
LOAD ./Drivers/STM32WLxx_HAL_Driver/Src/stm32wlxx_hal_rcc_ex.o
LOAD ./Drivers/STM32WLxx_HAL_Driver/Src/stm32wlxx_hal_tim.o
LOAD ./Drivers/STM32WLxx_HAL_Driver/Src/stm32wlxx_hal_tim_ex.o
LOAD ./Drivers/STM32WLxx_HAL_Driver/Src/stm32wlxx_hal_uart.o
LOAD ./Drivers/STM32WLxx_HAL_Driver/Src/stm32wlxx_hal_uart_ex.o
START GROUP
LOAD d:/cubeide/stm32cubeide_1.12.0/stm32cubeide/plugins/com.st.stm32cube.ide.mcu.externaltools.gnu-tools-for-stm32.10.3-2021.10.win32_1.0.200.202301161003/tools/bin/../lib/gcc/arm-none-eabi/10.3.1/../../../../arm-none-eabi/lib/thumb/v7e-m/nofp\libc_nano.a
LOAD d:/cubeide/stm32cubeide_1.12.0/stm32cubeide/plugins/com.st.stm32cube.ide.mcu.externaltools.gnu-tools-for-stm32.10.3-2021.10.win32_1.0.200.202301161003/tools/bin/../lib/gcc/arm-none-eabi/10.3.1/../../../../arm-none-eabi/lib/thumb/v7e-m/nofp\libm.a
END GROUP
START GROUP
LOAD d:/cubeide/stm32cubeide_1.12.0/stm32cubeide/plugins/com.st.stm32cube.ide.mcu.externaltools.gnu-tools-for-stm32.10.3-2021.10.win32_1.0.200.202301161003/tools/bin/../lib/gcc/arm-none-eabi/10.3.1/thumb/v7e-m/nofp\libgcc.a
LOAD d:/cubeide/stm32cubeide_1.12.0/stm32cubeide/plugins/com.st.stm32cube.ide.mcu.externaltools.gnu-tools-for-stm32.10.3-2021.10.win32_1.0.200.202301161003/tools/bin/../lib/gcc/arm-none-eabi/10.3.1/../../../../arm-none-eabi/lib/thumb/v7e-m/nofp\libc_nano.a
END GROUP
START GROUP
LOAD d:/cubeide/stm32cubeide_1.12.0/stm32cubeide/plugins/com.st.stm32cube.ide.mcu.externaltools.gnu-tools-for-stm32.10.3-2021.10.win32_1.0.200.202301161003/tools/bin/../lib/gcc/arm-none-eabi/10.3.1/thumb/v7e-m/nofp\libgcc.a
LOAD d:/cubeide/stm32cubeide_1.12.0/stm32cubeide/plugins/com.st.stm32cube.ide.mcu.externaltools.gnu-tools-for-stm32.10.3-2021.10.win32_1.0.200.202301161003/tools/bin/../lib/gcc/arm-none-eabi/10.3.1/../../../../arm-none-eabi/lib/thumb/v7e-m/nofp\libc_nano.a
LOAD d:/cubeide/stm32cubeide_1.12.0/stm32cubeide/plugins/com.st.stm32cube.ide.mcu.externaltools.gnu-tools-for-stm32.10.3-2021.10.win32_1.0.200.202301161003/tools/bin/../lib/gcc/arm-none-eabi/10.3.1/../../../../arm-none-eabi/lib/thumb/v7e-m/nofp\libnosys.a
END GROUP
START GROUP
LOAD d:/cubeide/stm32cubeide_1.12.0/stm32cubeide/plugins/com.st.stm32cube.ide.mcu.externaltools.gnu-tools-for-stm32.10.3-2021.10.win32_1.0.200.202301161003/tools/bin/../lib/gcc/arm-none-eabi/10.3.1/thumb/v7e-m/nofp\libgcc.a
LOAD d:/cubeide/stm32cubeide_1.12.0/stm32cubeide/plugins/com.st.stm32cube.ide.mcu.externaltools.gnu-tools-for-stm32.10.3-2021.10.win32_1.0.200.202301161003/tools/bin/../lib/gcc/arm-none-eabi/10.3.1/../../../../arm-none-eabi/lib/thumb/v7e-m/nofp\libc_nano.a
LOAD d:/cubeide/stm32cubeide_1.12.0/stm32cubeide/plugins/com.st.stm32cube.ide.mcu.externaltools.gnu-tools-for-stm32.10.3-2021.10.win32_1.0.200.202301161003/tools/bin/../lib/gcc/arm-none-eabi/10.3.1/../../../../arm-none-eabi/lib/thumb/v7e-m/nofp\libnosys.a
END GROUP
LOAD d:/cubeide/stm32cubeide_1.12.0/stm32cubeide/plugins/com.st.stm32cube.ide.mcu.externaltools.gnu-tools-for-stm32.10.3-2021.10.win32_1.0.200.202301161003/tools/bin/../lib/gcc/arm-none-eabi/10.3.1/thumb/v7e-m/nofp/crtend.o
LOAD d:/cubeide/stm32cubeide_1.12.0/stm32cubeide/plugins/com.st.stm32cube.ide.mcu.externaltools.gnu-tools-for-stm32.10.3-2021.10.win32_1.0.200.202301161003/tools/bin/../lib/gcc/arm-none-eabi/10.3.1/thumb/v7e-m/nofp/crtn.o
                0x0000000020010000                _estack = (ORIGIN (RAM) + LENGTH (RAM))
                0x0000000000000200                _Min_Heap_Size = 0x200
                0x0000000000000400                _Min_Stack_Size = 0x400

.isr_vector     0x0000000008000000      0x138
                0x0000000008000000                . = ALIGN (0x4)
 *(.isr_vector)
 .isr_vector    0x0000000008000000      0x138 ./Core/Startup/startup_stm32wl55jcix.o
                0x0000000008000000                g_pfnVectors
                0x0000000008000138                . = ALIGN (0x4)

.text           0x0000000008000138     0x3adc
                0x0000000008000138                . = ALIGN (0x4)
 *(.text)
 .text          0x0000000008000138       0x40 d:/cubeide/stm32cubeide_1.12.0/stm32cubeide/plugins/com.st.stm32cube.ide.mcu.externaltools.gnu-tools-for-stm32.10.3-2021.10.win32_1.0.200.202301161003/tools/bin/../lib/gcc/arm-none-eabi/10.3.1/thumb/v7e-m/nofp/crtbegin.o
 .text          0x0000000008000178       0x30 d:/cubeide/stm32cubeide_1.12.0/stm32cubeide/plugins/com.st.stm32cube.ide.mcu.externaltools.gnu-tools-for-stm32.10.3-2021.10.win32_1.0.200.202301161003/tools/bin/../lib/gcc/arm-none-eabi/10.3.1/thumb/v7e-m/nofp\libgcc.a(_aeabi_uldivmod.o)
                0x0000000008000178                __aeabi_uldivmod
 .text          0x00000000080001a8      0x2d0 d:/cubeide/stm32cubeide_1.12.0/stm32cubeide/plugins/com.st.stm32cube.ide.mcu.externaltools.gnu-tools-for-stm32.10.3-2021.10.win32_1.0.200.202301161003/tools/bin/../lib/gcc/arm-none-eabi/10.3.1/thumb/v7e-m/nofp\libgcc.a(_udivmoddi4.o)
                0x00000000080001a8                __udivmoddi4
 .text          0x0000000008000478        0x4 d:/cubeide/stm32cubeide_1.12.0/stm32cubeide/plugins/com.st.stm32cube.ide.mcu.externaltools.gnu-tools-for-stm32.10.3-2021.10.win32_1.0.200.202301161003/tools/bin/../lib/gcc/arm-none-eabi/10.3.1/thumb/v7e-m/nofp\libgcc.a(_dvmd_tls.o)
                0x0000000008000478                __aeabi_idiv0
                0x0000000008000478                __aeabi_ldiv0
 *(.text*)
 .text.LL_AHB2_GRP1_EnableClock
                0x000000000800047c       0x30 ./Core/Src/gpio.o
 .text.MX_GPIO_Init
                0x00000000080004ac       0xe4 ./Core/Src/gpio.o
                0x00000000080004ac                MX_GPIO_Init
 .text.LL_RCC_LSE_SetDriveCapability
                0x0000000008000590       0x2a ./Core/Src/main.o
 *fill*         0x00000000080005ba        0x2 
 .text.main     0x00000000080005bc       0x24 ./Core/Src/main.o
                0x00000000080005bc                main
 .text.SystemClock_Config
                0x00000000080005e0       0xb0 ./Core/Src/main.o
                0x00000000080005e0                SystemClock_Config
 .text.Error_Handler
                0x0000000008000690        0xa ./Core/Src/main.o
                0x0000000008000690                Error_Handler
 .text.HAL_MspInit
                0x000000000800069a        0xc ./Core/Src/stm32wlxx_hal_msp.o
                0x000000000800069a                HAL_MspInit
 .text.NMI_Handler
                0x00000000080006a6        0x6 ./Core/Src/stm32wlxx_it.o
                0x00000000080006a6                NMI_Handler
 .text.HardFault_Handler
                0x00000000080006ac        0x6 ./Core/Src/stm32wlxx_it.o
                0x00000000080006ac                HardFault_Handler
 .text.MemManage_Handler
                0x00000000080006b2        0x6 ./Core/Src/stm32wlxx_it.o
                0x00000000080006b2                MemManage_Handler
 .text.BusFault_Handler
                0x00000000080006b8        0x6 ./Core/Src/stm32wlxx_it.o
                0x00000000080006b8                BusFault_Handler
 .text.UsageFault_Handler
                0x00000000080006be        0x6 ./Core/Src/stm32wlxx_it.o
                0x00000000080006be                UsageFault_Handler
 .text.SVC_Handler
                0x00000000080006c4        0xc ./Core/Src/stm32wlxx_it.o
                0x00000000080006c4                SVC_Handler
 .text.DebugMon_Handler
                0x00000000080006d0        0xc ./Core/Src/stm32wlxx_it.o
                0x00000000080006d0                DebugMon_Handler
 .text.PendSV_Handler
                0x00000000080006dc        0xc ./Core/Src/stm32wlxx_it.o
                0x00000000080006dc                PendSV_Handler
 .text.SysTick_Handler
                0x00000000080006e8        0xc ./Core/Src/stm32wlxx_it.o
                0x00000000080006e8                SysTick_Handler
 .text.EXTI0_IRQHandler
                0x00000000080006f4        0xe ./Core/Src/stm32wlxx_it.o
                0x00000000080006f4                EXTI0_IRQHandler
 .text.EXTI1_IRQHandler
                0x0000000008000702        0xe ./Core/Src/stm32wlxx_it.o
                0x0000000008000702                EXTI1_IRQHandler
 .text.EXTI9_5_IRQHandler
                0x0000000008000710        0xe ./Core/Src/stm32wlxx_it.o
                0x0000000008000710                EXTI9_5_IRQHandler
 *fill*         0x000000000800071e        0x2 
 .text.TIM1_BRK_IRQHandler
                0x0000000008000720       0x14 ./Core/Src/stm32wlxx_it.o
                0x0000000008000720                TIM1_BRK_IRQHandler
 .text.TIM1_UP_IRQHandler
                0x0000000008000734       0x9c ./Core/Src/stm32wlxx_it.o
                0x0000000008000734                TIM1_UP_IRQHandler
 .text.TIM1_TRG_COM_IRQHandler
                0x00000000080007d0       0x14 ./Core/Src/stm32wlxx_it.o
                0x00000000080007d0                TIM1_TRG_COM_IRQHandler
 .text.TIM1_CC_IRQHandler
                0x00000000080007e4       0x14 ./Core/Src/stm32wlxx_it.o
                0x00000000080007e4                TIM1_CC_IRQHandler
 .text.SystemInit
                0x00000000080007f8        0xc ./Core/Src/system_stm32wlxx.o
                0x00000000080007f8                SystemInit
 .text.LL_APB2_GRP1_EnableClock
                0x0000000008000804       0x30 ./Core/Src/tim.o
 .text.MX_TIM1_Init
                0x0000000008000834       0xa8 ./Core/Src/tim.o
                0x0000000008000834                MX_TIM1_Init
 .text.HAL_TIM_Base_MspInit
                0x00000000080008dc       0x68 ./Core/Src/tim.o
                0x00000000080008dc                HAL_TIM_Base_MspInit
 .text.LL_AHB2_GRP1_EnableClock
                0x0000000008000944       0x30 ./Core/Src/usart.o
 .text.LL_APB1_GRP1_EnableClock
                0x0000000008000974       0x30 ./Core/Src/usart.o
 .text.MX_USART2_UART_Init
                0x00000000080009a4       0x98 ./Core/Src/usart.o
                0x00000000080009a4                MX_USART2_UART_Init
 .text.HAL_UART_MspInit
                0x0000000008000a3c       0x8c ./Core/Src/usart.o
                0x0000000008000a3c                HAL_UART_MspInit
 .text.Reset_Handler
                0x0000000008000ac8       0x50 ./Core/Startup/startup_stm32wl55jcix.o
                0x0000000008000ac8                Reset_Handler
 .text.Default_Handler
                0x0000000008000b18        0x2 ./Core/Startup/startup_stm32wl55jcix.o
                0x0000000008000b18                RTC_Alarm_IRQHandler
                0x0000000008000b18                EXTI2_IRQHandler
                0x0000000008000b18                EXTI3_IRQHandler
                0x0000000008000b18                LPTIM2_IRQHandler
                0x0000000008000b18                I2C3_ER_IRQHandler
                0x0000000008000b18                LPTIM3_IRQHandler
                0x0000000008000b18                I2C2_EV_IRQHandler
                0x0000000008000b18                TAMP_STAMP_LSECSS_SSRU_IRQHandler
                0x0000000008000b18                SPI1_IRQHandler
                0x0000000008000b18                DMA2_Channel2_IRQHandler
                0x0000000008000b18                DMA1_Channel4_IRQHandler
                0x0000000008000b18                PKA_IRQHandler
                0x0000000008000b18                TIM17_IRQHandler
                0x0000000008000b18                DMA1_Channel7_IRQHandler
                0x0000000008000b18                SUBGHZSPI_IRQHandler
                0x0000000008000b18                IPCC_C1_TX_IRQHandler
                0x0000000008000b18                DMA2_Channel1_IRQHandler
                0x0000000008000b18                I2C1_EV_IRQHandler
                0x0000000008000b18                SUBGHZ_Radio_IRQHandler
                0x0000000008000b18                DMAMUX1_OVR_IRQHandler
                0x0000000008000b18                DMA1_Channel6_IRQHandler
                0x0000000008000b18                TIM16_IRQHandler
                0x0000000008000b18                DMA2_Channel4_IRQHandler
                0x0000000008000b18                RCC_IRQHandler
                0x0000000008000b18                DMA1_Channel1_IRQHandler
                0x0000000008000b18                Default_Handler
                0x0000000008000b18                DMA2_Channel7_IRQHandler
                0x0000000008000b18                EXTI15_10_IRQHandler
                0x0000000008000b18                IPCC_C1_RX_IRQHandler
                0x0000000008000b18                ADC_IRQHandler
                0x0000000008000b18                C2SEV_PWR_C2H_IRQHandler
                0x0000000008000b18                I2C3_EV_IRQHandler
                0x0000000008000b18                RTC_WKUP_IRQHandler
                0x0000000008000b18                PVD_PVM_IRQHandler
                0x0000000008000b18                SPI2_IRQHandler
                0x0000000008000b18                DMA2_Channel5_IRQHandler
                0x0000000008000b18                DMA1_Channel5_IRQHandler
                0x0000000008000b18                EXTI4_IRQHandler
                0x0000000008000b18                RNG_IRQHandler
                0x0000000008000b18                DMA1_Channel3_IRQHandler
                0x0000000008000b18                COMP_IRQHandler
                0x0000000008000b18                HSEM_IRQHandler
                0x0000000008000b18                WWDG_IRQHandler
                0x0000000008000b18                LPUART1_IRQHandler
                0x0000000008000b18                DMA2_Channel6_IRQHandler
                0x0000000008000b18                TIM2_IRQHandler
                0x0000000008000b18                DAC_IRQHandler
                0x0000000008000b18                AES_IRQHandler
                0x0000000008000b18                USART2_IRQHandler
                0x0000000008000b18                I2C2_ER_IRQHandler
                0x0000000008000b18                DMA1_Channel2_IRQHandler
                0x0000000008000b18                FLASH_IRQHandler
                0x0000000008000b18                USART1_IRQHandler
                0x0000000008000b18                I2C1_ER_IRQHandler
                0x0000000008000b18                LPTIM1_IRQHandler
                0x0000000008000b18                DMA2_Channel3_IRQHandler
 *fill*         0x0000000008000b1a        0x2 
 .text.HAL_Init
                0x0000000008000b1c       0x40 ./Drivers/STM32WLxx_HAL_Driver/Src/stm32wlxx_hal.o
                0x0000000008000b1c                HAL_Init
 .text.HAL_InitTick
                0x0000000008000b5c       0x74 ./Drivers/STM32WLxx_HAL_Driver/Src/stm32wlxx_hal.o
                0x0000000008000b5c                HAL_InitTick
 .text.HAL_IncTick
                0x0000000008000bd0       0x24 ./Drivers/STM32WLxx_HAL_Driver/Src/stm32wlxx_hal.o
                0x0000000008000bd0                HAL_IncTick
 .text.HAL_GetTick
                0x0000000008000bf4       0x14 ./Drivers/STM32WLxx_HAL_Driver/Src/stm32wlxx_hal.o
                0x0000000008000bf4                HAL_GetTick
 .text.__NVIC_SetPriorityGrouping
                0x0000000008000c08       0x48 ./Drivers/STM32WLxx_HAL_Driver/Src/stm32wlxx_hal_cortex.o
 .text.__NVIC_GetPriorityGrouping
                0x0000000008000c50       0x1c ./Drivers/STM32WLxx_HAL_Driver/Src/stm32wlxx_hal_cortex.o
 .text.__NVIC_EnableIRQ
                0x0000000008000c6c       0x38 ./Drivers/STM32WLxx_HAL_Driver/Src/stm32wlxx_hal_cortex.o
 .text.__NVIC_SetPriority
                0x0000000008000ca4       0x54 ./Drivers/STM32WLxx_HAL_Driver/Src/stm32wlxx_hal_cortex.o
 .text.NVIC_EncodePriority
                0x0000000008000cf8       0x64 ./Drivers/STM32WLxx_HAL_Driver/Src/stm32wlxx_hal_cortex.o
 .text.SysTick_Config
                0x0000000008000d5c       0x44 ./Drivers/STM32WLxx_HAL_Driver/Src/stm32wlxx_hal_cortex.o
 .text.HAL_NVIC_SetPriorityGrouping
                0x0000000008000da0       0x16 ./Drivers/STM32WLxx_HAL_Driver/Src/stm32wlxx_hal_cortex.o
                0x0000000008000da0                HAL_NVIC_SetPriorityGrouping
 .text.HAL_NVIC_SetPriority
                0x0000000008000db6       0x34 ./Drivers/STM32WLxx_HAL_Driver/Src/stm32wlxx_hal_cortex.o
                0x0000000008000db6                HAL_NVIC_SetPriority
 .text.HAL_NVIC_EnableIRQ
                0x0000000008000dea       0x1c ./Drivers/STM32WLxx_HAL_Driver/Src/stm32wlxx_hal_cortex.o
                0x0000000008000dea                HAL_NVIC_EnableIRQ
 .text.HAL_SYSTICK_Config
                0x0000000008000e06       0x18 ./Drivers/STM32WLxx_HAL_Driver/Src/stm32wlxx_hal_cortex.o
                0x0000000008000e06                HAL_SYSTICK_Config
 *fill*         0x0000000008000e1e        0x2 
 .text.HAL_GPIO_Init
                0x0000000008000e20      0x2c0 ./Drivers/STM32WLxx_HAL_Driver/Src/stm32wlxx_hal_gpio.o
                0x0000000008000e20                HAL_GPIO_Init
 .text.HAL_GPIO_ReadPin
                0x00000000080010e0       0x2e ./Drivers/STM32WLxx_HAL_Driver/Src/stm32wlxx_hal_gpio.o
                0x00000000080010e0                HAL_GPIO_ReadPin
 .text.HAL_GPIO_WritePin
                0x000000000800110e       0x2e ./Drivers/STM32WLxx_HAL_Driver/Src/stm32wlxx_hal_gpio.o
                0x000000000800110e                HAL_GPIO_WritePin
 .text.HAL_GPIO_TogglePin
                0x000000000800113c       0x32 ./Drivers/STM32WLxx_HAL_Driver/Src/stm32wlxx_hal_gpio.o
                0x000000000800113c                HAL_GPIO_TogglePin
 *fill*         0x000000000800116e        0x2 
 .text.HAL_GPIO_EXTI_IRQHandler
                0x0000000008001170       0x30 ./Drivers/STM32WLxx_HAL_Driver/Src/stm32wlxx_hal_gpio.o
                0x0000000008001170                HAL_GPIO_EXTI_IRQHandler
 .text.HAL_GPIO_EXTI_Callback
                0x00000000080011a0       0x14 ./Drivers/STM32WLxx_HAL_Driver/Src/stm32wlxx_hal_gpio.o
                0x00000000080011a0                HAL_GPIO_EXTI_Callback
 .text.HAL_PWR_EnableBkUpAccess
                0x00000000080011b4       0x1c ./Drivers/STM32WLxx_HAL_Driver/Src/stm32wlxx_hal_pwr.o
                0x00000000080011b4                HAL_PWR_EnableBkUpAccess
 .text.HAL_PWREx_GetVoltageRange
                0x00000000080011d0       0x18 ./Drivers/STM32WLxx_HAL_Driver/Src/stm32wlxx_hal_pwr_ex.o
                0x00000000080011d0                HAL_PWREx_GetVoltageRange
 .text.LL_PWR_IsEnabledBkUpAccess
                0x00000000080011e8       0x24 ./Drivers/STM32WLxx_HAL_Driver/Src/stm32wlxx_hal_rcc.o
 .text.LL_RCC_HSE_EnableTcxo
                0x000000000800120c       0x1c ./Drivers/STM32WLxx_HAL_Driver/Src/stm32wlxx_hal_rcc.o
 .text.LL_RCC_HSE_DisableTcxo
                0x0000000008001228       0x1c ./Drivers/STM32WLxx_HAL_Driver/Src/stm32wlxx_hal_rcc.o
 .text.LL_RCC_HSE_IsEnabledDiv2
                0x0000000008001244       0x22 ./Drivers/STM32WLxx_HAL_Driver/Src/stm32wlxx_hal_rcc.o
 .text.LL_RCC_HSE_Enable
                0x0000000008001266       0x1c ./Drivers/STM32WLxx_HAL_Driver/Src/stm32wlxx_hal_rcc.o
 .text.LL_RCC_HSE_Disable
                0x0000000008001282       0x1c ./Drivers/STM32WLxx_HAL_Driver/Src/stm32wlxx_hal_rcc.o
 .text.LL_RCC_HSE_IsReady
                0x000000000800129e       0x22 ./Drivers/STM32WLxx_HAL_Driver/Src/stm32wlxx_hal_rcc.o
 .text.LL_RCC_HSI_Enable
                0x00000000080012c0       0x1c ./Drivers/STM32WLxx_HAL_Driver/Src/stm32wlxx_hal_rcc.o
 .text.LL_RCC_HSI_Disable
                0x00000000080012dc       0x1c ./Drivers/STM32WLxx_HAL_Driver/Src/stm32wlxx_hal_rcc.o
 .text.LL_RCC_HSI_IsReady
                0x00000000080012f8       0x22 ./Drivers/STM32WLxx_HAL_Driver/Src/stm32wlxx_hal_rcc.o
 .text.LL_RCC_HSI_SetCalibTrimming
                0x000000000800131a       0x28 ./Drivers/STM32WLxx_HAL_Driver/Src/stm32wlxx_hal_rcc.o
 .text.LL_RCC_LSE_IsReady
                0x0000000008001342       0x22 ./Drivers/STM32WLxx_HAL_Driver/Src/stm32wlxx_hal_rcc.o
 .text.LL_RCC_LSI_Enable
                0x0000000008001364       0x20 ./Drivers/STM32WLxx_HAL_Driver/Src/stm32wlxx_hal_rcc.o
 .text.LL_RCC_LSI_Disable
                0x0000000008001384       0x20 ./Drivers/STM32WLxx_HAL_Driver/Src/stm32wlxx_hal_rcc.o
 .text.LL_RCC_LSI_IsReady
                0x00000000080013a4       0x22 ./Drivers/STM32WLxx_HAL_Driver/Src/stm32wlxx_hal_rcc.o
 .text.LL_RCC_MSI_Enable
                0x00000000080013c6       0x1c ./Drivers/STM32WLxx_HAL_Driver/Src/stm32wlxx_hal_rcc.o
 .text.LL_RCC_MSI_Disable
                0x00000000080013e2       0x1c ./Drivers/STM32WLxx_HAL_Driver/Src/stm32wlxx_hal_rcc.o
 .text.LL_RCC_MSI_IsReady
                0x00000000080013fe       0x20 ./Drivers/STM32WLxx_HAL_Driver/Src/stm32wlxx_hal_rcc.o
 .text.LL_RCC_MSI_IsEnabledRangeSelect
                0x000000000800141e       0x20 ./Drivers/STM32WLxx_HAL_Driver/Src/stm32wlxx_hal_rcc.o
 .text.LL_RCC_MSI_GetRange
                0x000000000800143e       0x16 ./Drivers/STM32WLxx_HAL_Driver/Src/stm32wlxx_hal_rcc.o
 .text.LL_RCC_MSI_GetRangeAfterStandby
                0x0000000008001454       0x18 ./Drivers/STM32WLxx_HAL_Driver/Src/stm32wlxx_hal_rcc.o
 .text.LL_RCC_MSI_SetCalibTrimming
                0x000000000800146c       0x28 ./Drivers/STM32WLxx_HAL_Driver/Src/stm32wlxx_hal_rcc.o
 .text.LL_RCC_SetSysClkSource
                0x0000000008001494       0x26 ./Drivers/STM32WLxx_HAL_Driver/Src/stm32wlxx_hal_rcc.o
 .text.LL_RCC_GetSysClkSource
                0x00000000080014ba       0x16 ./Drivers/STM32WLxx_HAL_Driver/Src/stm32wlxx_hal_rcc.o
 .text.LL_RCC_SetAHBPrescaler
                0x00000000080014d0       0x26 ./Drivers/STM32WLxx_HAL_Driver/Src/stm32wlxx_hal_rcc.o
 .text.LL_C2_RCC_SetAHBPrescaler
                0x00000000080014f6       0x2a ./Drivers/STM32WLxx_HAL_Driver/Src/stm32wlxx_hal_rcc.o
 .text.LL_RCC_SetAHB3Prescaler
                0x0000000008001520       0x2c ./Drivers/STM32WLxx_HAL_Driver/Src/stm32wlxx_hal_rcc.o
 .text.LL_RCC_SetAPB1Prescaler
                0x000000000800154c       0x26 ./Drivers/STM32WLxx_HAL_Driver/Src/stm32wlxx_hal_rcc.o
 .text.LL_RCC_SetAPB2Prescaler
                0x0000000008001572       0x26 ./Drivers/STM32WLxx_HAL_Driver/Src/stm32wlxx_hal_rcc.o
 .text.LL_RCC_GetAHBPrescaler
                0x0000000008001598       0x16 ./Drivers/STM32WLxx_HAL_Driver/Src/stm32wlxx_hal_rcc.o
 .text.LL_RCC_GetAHB3Prescaler
                0x00000000080015ae       0x1a ./Drivers/STM32WLxx_HAL_Driver/Src/stm32wlxx_hal_rcc.o
 .text.LL_RCC_GetAPB1Prescaler
                0x00000000080015c8       0x16 ./Drivers/STM32WLxx_HAL_Driver/Src/stm32wlxx_hal_rcc.o
 .text.LL_RCC_GetAPB2Prescaler
                0x00000000080015de       0x16 ./Drivers/STM32WLxx_HAL_Driver/Src/stm32wlxx_hal_rcc.o
 .text.LL_RCC_PLL_Enable
                0x00000000080015f4       0x1c ./Drivers/STM32WLxx_HAL_Driver/Src/stm32wlxx_hal_rcc.o
 .text.LL_RCC_PLL_Disable
                0x0000000008001610       0x1c ./Drivers/STM32WLxx_HAL_Driver/Src/stm32wlxx_hal_rcc.o
 .text.LL_RCC_PLL_IsReady
                0x000000000800162c       0x22 ./Drivers/STM32WLxx_HAL_Driver/Src/stm32wlxx_hal_rcc.o
 .text.LL_RCC_PLL_GetN
                0x000000000800164e       0x18 ./Drivers/STM32WLxx_HAL_Driver/Src/stm32wlxx_hal_rcc.o
 .text.LL_RCC_PLL_GetR
                0x0000000008001666       0x16 ./Drivers/STM32WLxx_HAL_Driver/Src/stm32wlxx_hal_rcc.o
 .text.LL_RCC_PLL_GetDivider
                0x000000000800167c       0x16 ./Drivers/STM32WLxx_HAL_Driver/Src/stm32wlxx_hal_rcc.o
 .text.LL_RCC_PLL_GetMainSource
                0x0000000008001692       0x16 ./Drivers/STM32WLxx_HAL_Driver/Src/stm32wlxx_hal_rcc.o
 .text.LL_RCC_IsActiveFlag_HPRE
                0x00000000080016a8       0x22 ./Drivers/STM32WLxx_HAL_Driver/Src/stm32wlxx_hal_rcc.o
 .text.LL_RCC_IsActiveFlag_C2HPRE
                0x00000000080016ca       0x24 ./Drivers/STM32WLxx_HAL_Driver/Src/stm32wlxx_hal_rcc.o
 .text.LL_RCC_IsActiveFlag_SHDHPRE
                0x00000000080016ee       0x24 ./Drivers/STM32WLxx_HAL_Driver/Src/stm32wlxx_hal_rcc.o
 .text.LL_RCC_IsActiveFlag_PPRE1
                0x0000000008001712       0x22 ./Drivers/STM32WLxx_HAL_Driver/Src/stm32wlxx_hal_rcc.o
 .text.LL_RCC_IsActiveFlag_PPRE2
                0x0000000008001734       0x22 ./Drivers/STM32WLxx_HAL_Driver/Src/stm32wlxx_hal_rcc.o
 *fill*         0x0000000008001756        0x2 
 .text.HAL_RCC_OscConfig
                0x0000000008001758      0x704 ./Drivers/STM32WLxx_HAL_Driver/Src/stm32wlxx_hal_rcc.o
                0x0000000008001758                HAL_RCC_OscConfig
 .text.HAL_RCC_ClockConfig
                0x0000000008001e5c      0x284 ./Drivers/STM32WLxx_HAL_Driver/Src/stm32wlxx_hal_rcc.o
                0x0000000008001e5c                HAL_RCC_ClockConfig
 .text.HAL_RCC_GetSysClockFreq
                0x00000000080020e0      0x140 ./Drivers/STM32WLxx_HAL_Driver/Src/stm32wlxx_hal_rcc.o
                0x00000000080020e0                HAL_RCC_GetSysClockFreq
 .text.HAL_RCC_GetHCLKFreq
                0x0000000008002220       0x28 ./Drivers/STM32WLxx_HAL_Driver/Src/stm32wlxx_hal_rcc.o
                0x0000000008002220                HAL_RCC_GetHCLKFreq
 .text.HAL_RCC_GetPCLK1Freq
                0x0000000008002248       0x24 ./Drivers/STM32WLxx_HAL_Driver/Src/stm32wlxx_hal_rcc.o
                0x0000000008002248                HAL_RCC_GetPCLK1Freq
 .text.HAL_RCC_GetPCLK2Freq
                0x000000000800226c       0x24 ./Drivers/STM32WLxx_HAL_Driver/Src/stm32wlxx_hal_rcc.o
                0x000000000800226c                HAL_RCC_GetPCLK2Freq
 .text.RCC_SetFlashLatencyFromMSIRange
                0x0000000008002290       0x60 ./Drivers/STM32WLxx_HAL_Driver/Src/stm32wlxx_hal_rcc.o
 .text.RCC_SetFlashLatency
                0x00000000080022f0      0x104 ./Drivers/STM32WLxx_HAL_Driver/Src/stm32wlxx_hal_rcc.o
 .text.LL_RCC_LSE_IsReady
                0x00000000080023f4       0x22 ./Drivers/STM32WLxx_HAL_Driver/Src/stm32wlxx_hal_rcc_ex.o
 .text.LL_RCC_SetUSARTClockSource
                0x0000000008002416       0x30 ./Drivers/STM32WLxx_HAL_Driver/Src/stm32wlxx_hal_rcc_ex.o
 .text.LL_RCC_SetI2SClockSource
                0x0000000008002446       0x2a ./Drivers/STM32WLxx_HAL_Driver/Src/stm32wlxx_hal_rcc_ex.o
 .text.LL_RCC_SetLPUARTClockSource
                0x0000000008002470       0x2a ./Drivers/STM32WLxx_HAL_Driver/Src/stm32wlxx_hal_rcc_ex.o
 .text.LL_RCC_SetI2CClockSource
                0x000000000800249a       0x38 ./Drivers/STM32WLxx_HAL_Driver/Src/stm32wlxx_hal_rcc_ex.o
 .text.LL_RCC_SetLPTIMClockSource
                0x00000000080024d2       0x32 ./Drivers/STM32WLxx_HAL_Driver/Src/stm32wlxx_hal_rcc_ex.o
 .text.LL_RCC_SetRNGClockSource
                0x0000000008002504       0x2a ./Drivers/STM32WLxx_HAL_Driver/Src/stm32wlxx_hal_rcc_ex.o
 .text.LL_RCC_SetADCClockSource
                0x000000000800252e       0x2a ./Drivers/STM32WLxx_HAL_Driver/Src/stm32wlxx_hal_rcc_ex.o
 .text.LL_RCC_SetRTCClockSource
                0x0000000008002558       0x2a ./Drivers/STM32WLxx_HAL_Driver/Src/stm32wlxx_hal_rcc_ex.o
 .text.LL_RCC_GetRTCClockSource
                0x0000000008002582       0x18 ./Drivers/STM32WLxx_HAL_Driver/Src/stm32wlxx_hal_rcc_ex.o
 .text.LL_RCC_ForceBackupDomainReset
                0x000000000800259a       0x20 ./Drivers/STM32WLxx_HAL_Driver/Src/stm32wlxx_hal_rcc_ex.o
 .text.LL_RCC_ReleaseBackupDomainReset
                0x00000000080025ba       0x20 ./Drivers/STM32WLxx_HAL_Driver/Src/stm32wlxx_hal_rcc_ex.o
 *fill*         0x00000000080025da        0x2 
 .text.HAL_RCCEx_PeriphCLKConfig
                0x00000000080025dc      0x234 ./Drivers/STM32WLxx_HAL_Driver/Src/stm32wlxx_hal_rcc_ex.o
                0x00000000080025dc                HAL_RCCEx_PeriphCLKConfig
 .text.HAL_TIM_Base_Init
                0x0000000008002810       0xae ./Drivers/STM32WLxx_HAL_Driver/Src/stm32wlxx_hal_tim.o
                0x0000000008002810                HAL_TIM_Base_Init
 *fill*         0x00000000080028be        0x2 
 .text.HAL_TIM_Base_Start_IT
                0x00000000080028c0       0x98 ./Drivers/STM32WLxx_HAL_Driver/Src/stm32wlxx_hal_tim.o
                0x00000000080028c0                HAL_TIM_Base_Start_IT
 .text.HAL_TIM_IRQHandler
                0x0000000008002958      0x23e ./Drivers/STM32WLxx_HAL_Driver/Src/stm32wlxx_hal_tim.o
                0x0000000008002958                HAL_TIM_IRQHandler
 .text.HAL_TIM_ConfigClockSource
                0x0000000008002b96      0x192 ./Drivers/STM32WLxx_HAL_Driver/Src/stm32wlxx_hal_tim.o
                0x0000000008002b96                HAL_TIM_ConfigClockSource
 .text.HAL_TIM_PeriodElapsedCallback
                0x0000000008002d28       0x12 ./Drivers/STM32WLxx_HAL_Driver/Src/stm32wlxx_hal_tim.o
                0x0000000008002d28                HAL_TIM_PeriodElapsedCallback
 .text.HAL_TIM_OC_DelayElapsedCallback
                0x0000000008002d3a       0x12 ./Drivers/STM32WLxx_HAL_Driver/Src/stm32wlxx_hal_tim.o
                0x0000000008002d3a                HAL_TIM_OC_DelayElapsedCallback
 .text.HAL_TIM_IC_CaptureCallback
                0x0000000008002d4c       0x12 ./Drivers/STM32WLxx_HAL_Driver/Src/stm32wlxx_hal_tim.o
                0x0000000008002d4c                HAL_TIM_IC_CaptureCallback
 .text.HAL_TIM_PWM_PulseFinishedCallback
                0x0000000008002d5e       0x12 ./Drivers/STM32WLxx_HAL_Driver/Src/stm32wlxx_hal_tim.o
                0x0000000008002d5e                HAL_TIM_PWM_PulseFinishedCallback
 .text.HAL_TIM_TriggerCallback
                0x0000000008002d70       0x12 ./Drivers/STM32WLxx_HAL_Driver/Src/stm32wlxx_hal_tim.o
                0x0000000008002d70                HAL_TIM_TriggerCallback
 *fill*         0x0000000008002d82        0x2 
 .text.TIM_Base_SetConfig
                0x0000000008002d84       0xc4 ./Drivers/STM32WLxx_HAL_Driver/Src/stm32wlxx_hal_tim.o
                0x0000000008002d84                TIM_Base_SetConfig
 .text.TIM_TI1_ConfigInputStage
                0x0000000008002e48       0x5c ./Drivers/STM32WLxx_HAL_Driver/Src/stm32wlxx_hal_tim.o
 .text.TIM_TI2_ConfigInputStage
                0x0000000008002ea4       0x5e ./Drivers/STM32WLxx_HAL_Driver/Src/stm32wlxx_hal_tim.o
 .text.TIM_ITRx_SetConfig
                0x0000000008002f02       0x38 ./Drivers/STM32WLxx_HAL_Driver/Src/stm32wlxx_hal_tim.o
 .text.TIM_ETR_SetConfig
                0x0000000008002f3a       0x3e ./Drivers/STM32WLxx_HAL_Driver/Src/stm32wlxx_hal_tim.o
                0x0000000008002f3a                TIM_ETR_SetConfig
 .text.HAL_TIMEx_MasterConfigSynchronization
                0x0000000008002f78       0xbc ./Drivers/STM32WLxx_HAL_Driver/Src/stm32wlxx_hal_tim_ex.o
                0x0000000008002f78                HAL_TIMEx_MasterConfigSynchronization
 .text.HAL_TIMEx_CommutCallback
                0x0000000008003034       0x12 ./Drivers/STM32WLxx_HAL_Driver/Src/stm32wlxx_hal_tim_ex.o
                0x0000000008003034                HAL_TIMEx_CommutCallback
 .text.HAL_TIMEx_BreakCallback
                0x0000000008003046       0x12 ./Drivers/STM32WLxx_HAL_Driver/Src/stm32wlxx_hal_tim_ex.o
                0x0000000008003046                HAL_TIMEx_BreakCallback
 .text.HAL_TIMEx_Break2Callback
                0x0000000008003058       0x12 ./Drivers/STM32WLxx_HAL_Driver/Src/stm32wlxx_hal_tim_ex.o
                0x0000000008003058                HAL_TIMEx_Break2Callback
 .text.LL_RCC_GetUSARTClockSource
                0x000000000800306a       0x24 ./Drivers/STM32WLxx_HAL_Driver/Src/stm32wlxx_hal_uart.o
 .text.LL_RCC_GetLPUARTClockSource
                0x000000000800308e       0x1e ./Drivers/STM32WLxx_HAL_Driver/Src/stm32wlxx_hal_uart.o
 .text.HAL_UART_Init
                0x00000000080030ac       0xa0 ./Drivers/STM32WLxx_HAL_Driver/Src/stm32wlxx_hal_uart.o
                0x00000000080030ac                HAL_UART_Init
 .text.UART_SetConfig
                0x000000000800314c      0x4e8 ./Drivers/STM32WLxx_HAL_Driver/Src/stm32wlxx_hal_uart.o
                0x000000000800314c                UART_SetConfig
 .text.UART_AdvFeatureConfig
                0x0000000008003634      0x142 ./Drivers/STM32WLxx_HAL_Driver/Src/stm32wlxx_hal_uart.o
                0x0000000008003634                UART_AdvFeatureConfig
 .text.UART_CheckIdleState
                0x0000000008003776       0x9c ./Drivers/STM32WLxx_HAL_Driver/Src/stm32wlxx_hal_uart.o
                0x0000000008003776                UART_CheckIdleState
 .text.UART_WaitOnFlagUntilTimeout
                0x0000000008003812      0x190 ./Drivers/STM32WLxx_HAL_Driver/Src/stm32wlxx_hal_uart.o
                0x0000000008003812                UART_WaitOnFlagUntilTimeout
 .text.HAL_UARTEx_DisableFifoMode
                0x00000000080039a2       0x70 ./Drivers/STM32WLxx_HAL_Driver/Src/stm32wlxx_hal_uart_ex.o
                0x00000000080039a2                HAL_UARTEx_DisableFifoMode
 .text.HAL_UARTEx_SetTxFifoThreshold
                0x0000000008003a12       0x7c ./Drivers/STM32WLxx_HAL_Driver/Src/stm32wlxx_hal_uart_ex.o
                0x0000000008003a12                HAL_UARTEx_SetTxFifoThreshold
 .text.HAL_UARTEx_SetRxFifoThreshold
                0x0000000008003a8e       0x7c ./Drivers/STM32WLxx_HAL_Driver/Src/stm32wlxx_hal_uart_ex.o
                0x0000000008003a8e                HAL_UARTEx_SetRxFifoThreshold
 *fill*         0x0000000008003b0a        0x2 
 .text.UARTEx_SetNbDataToProcess
                0x0000000008003b0c       0x98 ./Drivers/STM32WLxx_HAL_Driver/Src/stm32wlxx_hal_uart_ex.o
 .text.__libc_init_array
                0x0000000008003ba4       0x48 d:/cubeide/stm32cubeide_1.12.0/stm32cubeide/plugins/com.st.stm32cube.ide.mcu.externaltools.gnu-tools-for-stm32.10.3-2021.10.win32_1.0.200.202301161003/tools/bin/../lib/gcc/arm-none-eabi/10.3.1/../../../../arm-none-eabi/lib/thumb/v7e-m/nofp\libc_nano.a(lib_a-init.o)
                0x0000000008003ba4                __libc_init_array
 .text.memset   0x0000000008003bec       0x10 d:/cubeide/stm32cubeide_1.12.0/stm32cubeide/plugins/com.st.stm32cube.ide.mcu.externaltools.gnu-tools-for-stm32.10.3-2021.10.win32_1.0.200.202301161003/tools/bin/../lib/gcc/arm-none-eabi/10.3.1/../../../../arm-none-eabi/lib/thumb/v7e-m/nofp\libc_nano.a(lib_a-memset.o)
                0x0000000008003bec                memset
 *(.glue_7)
 .glue_7        0x0000000008003bfc        0x0 linker stubs
 *(.glue_7t)
 .glue_7t       0x0000000008003bfc        0x0 linker stubs
 *(.eh_frame)
 .eh_frame      0x0000000008003bfc        0x0 d:/cubeide/stm32cubeide_1.12.0/stm32cubeide/plugins/com.st.stm32cube.ide.mcu.externaltools.gnu-tools-for-stm32.10.3-2021.10.win32_1.0.200.202301161003/tools/bin/../lib/gcc/arm-none-eabi/10.3.1/thumb/v7e-m/nofp/crtbegin.o
 *(.init)
 .init          0x0000000008003bfc        0x4 d:/cubeide/stm32cubeide_1.12.0/stm32cubeide/plugins/com.st.stm32cube.ide.mcu.externaltools.gnu-tools-for-stm32.10.3-2021.10.win32_1.0.200.202301161003/tools/bin/../lib/gcc/arm-none-eabi/10.3.1/thumb/v7e-m/nofp/crti.o
                0x0000000008003bfc                _init
 .init          0x0000000008003c00        0x8 d:/cubeide/stm32cubeide_1.12.0/stm32cubeide/plugins/com.st.stm32cube.ide.mcu.externaltools.gnu-tools-for-stm32.10.3-2021.10.win32_1.0.200.202301161003/tools/bin/../lib/gcc/arm-none-eabi/10.3.1/thumb/v7e-m/nofp/crtn.o
 *(.fini)
 .fini          0x0000000008003c08        0x4 d:/cubeide/stm32cubeide_1.12.0/stm32cubeide/plugins/com.st.stm32cube.ide.mcu.externaltools.gnu-tools-for-stm32.10.3-2021.10.win32_1.0.200.202301161003/tools/bin/../lib/gcc/arm-none-eabi/10.3.1/thumb/v7e-m/nofp/crti.o
                0x0000000008003c08                _fini
 .fini          0x0000000008003c0c        0x8 d:/cubeide/stm32cubeide_1.12.0/stm32cubeide/plugins/com.st.stm32cube.ide.mcu.externaltools.gnu-tools-for-stm32.10.3-2021.10.win32_1.0.200.202301161003/tools/bin/../lib/gcc/arm-none-eabi/10.3.1/thumb/v7e-m/nofp/crtn.o
                0x0000000008003c14                . = ALIGN (0x4)
                0x0000000008003c14                _etext = .

.vfp11_veneer   0x0000000008003c14        0x0
 .vfp11_veneer  0x0000000008003c14        0x0 linker stubs

.v4_bx          0x0000000008003c14        0x0
 .v4_bx         0x0000000008003c14        0x0 linker stubs

.iplt           0x0000000008003c14        0x0
 .iplt          0x0000000008003c14        0x0 d:/cubeide/stm32cubeide_1.12.0/stm32cubeide/plugins/com.st.stm32cube.ide.mcu.externaltools.gnu-tools-for-stm32.10.3-2021.10.win32_1.0.200.202301161003/tools/bin/../lib/gcc/arm-none-eabi/10.3.1/thumb/v7e-m/nofp/crtbegin.o

.rodata         0x0000000008003c14       0xe4
                0x0000000008003c14                . = ALIGN (0x4)
 *(.rodata)
 .rodata        0x0000000008003c14       0x1c ./Drivers/STM32WLxx_HAL_Driver/Src/stm32wlxx_hal_rcc.o
 *(.rodata*)
 .rodata.AHBPrescTable
                0x0000000008003c30       0x40 ./Core/Src/system_stm32wlxx.o
                0x0000000008003c30                AHBPrescTable
 .rodata.APBPrescTable
                0x0000000008003c70       0x20 ./Core/Src/system_stm32wlxx.o
                0x0000000008003c70                APBPrescTable
 .rodata.MSIRangeTable
                0x0000000008003c90       0x40 ./Core/Src/system_stm32wlxx.o
                0x0000000008003c90                MSIRangeTable
 .rodata.UARTPrescTable
                0x0000000008003cd0       0x18 ./Drivers/STM32WLxx_HAL_Driver/Src/stm32wlxx_hal_uart.o
                0x0000000008003cd0                UARTPrescTable
 .rodata.numerator.1
                0x0000000008003ce8        0x8 ./Drivers/STM32WLxx_HAL_Driver/Src/stm32wlxx_hal_uart_ex.o
 .rodata.denominator.0
                0x0000000008003cf0        0x8 ./Drivers/STM32WLxx_HAL_Driver/Src/stm32wlxx_hal_uart_ex.o
                0x0000000008003cf8                . = ALIGN (0x4)

.ARM.extab      0x0000000008003cf8        0x0
                0x0000000008003cf8                . = ALIGN (0x4)
 *(.ARM.extab* .gnu.linkonce.armextab.*)
                0x0000000008003cf8                . = ALIGN (0x4)

.ARM            0x0000000008003cf8        0x8
                0x0000000008003cf8                . = ALIGN (0x4)
                0x0000000008003cf8                __exidx_start = .
 *(.ARM.exidx*)
 .ARM.exidx     0x0000000008003cf8        0x8 d:/cubeide/stm32cubeide_1.12.0/stm32cubeide/plugins/com.st.stm32cube.ide.mcu.externaltools.gnu-tools-for-stm32.10.3-2021.10.win32_1.0.200.202301161003/tools/bin/../lib/gcc/arm-none-eabi/10.3.1/thumb/v7e-m/nofp\libgcc.a(_udivmoddi4.o)
                0x0000000008003d00                __exidx_end = .
                0x0000000008003d00                . = ALIGN (0x4)

.rel.dyn        0x0000000008003d00        0x0
 .rel.iplt      0x0000000008003d00        0x0 d:/cubeide/stm32cubeide_1.12.0/stm32cubeide/plugins/com.st.stm32cube.ide.mcu.externaltools.gnu-tools-for-stm32.10.3-2021.10.win32_1.0.200.202301161003/tools/bin/../lib/gcc/arm-none-eabi/10.3.1/thumb/v7e-m/nofp/crtbegin.o

.preinit_array  0x0000000008003d00        0x0
                0x0000000008003d00                . = ALIGN (0x4)
                0x0000000008003d00                PROVIDE (__preinit_array_start = .)
 *(.preinit_array*)
                0x0000000008003d00                PROVIDE (__preinit_array_end = .)
                0x0000000008003d00                . = ALIGN (0x4)

.init_array     0x0000000008003d00        0x4
                0x0000000008003d00                . = ALIGN (0x4)
                0x0000000008003d00                PROVIDE (__init_array_start = .)
 *(SORT_BY_NAME(.init_array.*))
 *(.init_array*)
 .init_array    0x0000000008003d00        0x4 d:/cubeide/stm32cubeide_1.12.0/stm32cubeide/plugins/com.st.stm32cube.ide.mcu.externaltools.gnu-tools-for-stm32.10.3-2021.10.win32_1.0.200.202301161003/tools/bin/../lib/gcc/arm-none-eabi/10.3.1/thumb/v7e-m/nofp/crtbegin.o
                0x0000000008003d04                PROVIDE (__init_array_end = .)
                0x0000000008003d04                . = ALIGN (0x4)

.fini_array     0x0000000008003d04        0x4
                0x0000000008003d04                . = ALIGN (0x4)
                [!provide]                        PROVIDE (__fini_array_start = .)
 *(SORT_BY_NAME(.fini_array.*))
 *(.fini_array*)
 .fini_array    0x0000000008003d04        0x4 d:/cubeide/stm32cubeide_1.12.0/stm32cubeide/plugins/com.st.stm32cube.ide.mcu.externaltools.gnu-tools-for-stm32.10.3-2021.10.win32_1.0.200.202301161003/tools/bin/../lib/gcc/arm-none-eabi/10.3.1/thumb/v7e-m/nofp/crtbegin.o
                [!provide]                        PROVIDE (__fini_array_end = .)
                0x0000000008003d08                . = ALIGN (0x4)
                0x0000000008003d08                _sidata = LOADADDR (.data)

.data           0x0000000020000000        0xc load address 0x0000000008003d08
                0x0000000020000000                . = ALIGN (0x4)
                0x0000000020000000                _sdata = .
 *(.data)
 *(.data*)
 .data.SystemCoreClock
                0x0000000020000000        0x4 ./Core/Src/system_stm32wlxx.o
                0x0000000020000000                SystemCoreClock
 .data.uwTickPrio
                0x0000000020000004        0x4 ./Drivers/STM32WLxx_HAL_Driver/Src/stm32wlxx_hal.o
                0x0000000020000004                uwTickPrio
 .data.uwTickFreq
                0x0000000020000008        0x1 ./Drivers/STM32WLxx_HAL_Driver/Src/stm32wlxx_hal.o
                0x0000000020000008                uwTickFreq
 *(.RamFunc)
 *(.RamFunc*)
                0x000000002000000c                . = ALIGN (0x4)
 *fill*         0x0000000020000009        0x3 
                0x000000002000000c                _edata = .

.igot.plt       0x000000002000000c        0x0 load address 0x0000000008003d14
 .igot.plt      0x000000002000000c        0x0 d:/cubeide/stm32cubeide_1.12.0/stm32cubeide/plugins/com.st.stm32cube.ide.mcu.externaltools.gnu-tools-for-stm32.10.3-2021.10.win32_1.0.200.202301161003/tools/bin/../lib/gcc/arm-none-eabi/10.3.1/thumb/v7e-m/nofp/crtbegin.o
                0x000000002000000c                . = ALIGN (0x4)

.bss            0x000000002000000c      0x100 load address 0x0000000008003d14
                0x000000002000000c                _sbss = .
                0x000000002000000c                __bss_start__ = _sbss
 *(.bss)
 .bss           0x000000002000000c       0x1c d:/cubeide/stm32cubeide_1.12.0/stm32cubeide/plugins/com.st.stm32cube.ide.mcu.externaltools.gnu-tools-for-stm32.10.3-2021.10.win32_1.0.200.202301161003/tools/bin/../lib/gcc/arm-none-eabi/10.3.1/thumb/v7e-m/nofp/crtbegin.o
 *(.bss*)
 .bss.htim1     0x0000000020000028       0x4c ./Core/Src/tim.o
                0x0000000020000028                htim1
 .bss.huart2    0x0000000020000074       0x94 ./Core/Src/usart.o
                0x0000000020000074                huart2
 .bss.uwTick    0x0000000020000108        0x4 ./Drivers/STM32WLxx_HAL_Driver/Src/stm32wlxx_hal.o
                0x0000000020000108                uwTick
 *(COMMON)
                0x000000002000010c                . = ALIGN (0x4)
                0x000000002000010c                _ebss = .
                0x000000002000010c                __bss_end__ = _ebss

._user_heap_stack
                0x000000002000010c      0x604 load address 0x0000000008003d14
                0x0000000020000110                . = ALIGN (0x8)
 *fill*         0x000000002000010c        0x4 
                [!provide]                        PROVIDE (end = .)
                0x0000000020000110                PROVIDE (_end = .)
                0x0000000020000310                . = (. + _Min_Heap_Size)
 *fill*         0x0000000020000110      0x200 
                0x0000000020000710                . = (. + _Min_Stack_Size)
 *fill*         0x0000000020000310      0x400 
                0x0000000020000710                . = ALIGN (0x8)

/DISCARD/
 libc.a(*)
 libm.a(*)
 libgcc.a(*)

.ARM.attributes
                0x0000000000000000       0x2a
 *(.ARM.attributes)
 .ARM.attributes
                0x0000000000000000       0x1e d:/cubeide/stm32cubeide_1.12.0/stm32cubeide/plugins/com.st.stm32cube.ide.mcu.externaltools.gnu-tools-for-stm32.10.3-2021.10.win32_1.0.200.202301161003/tools/bin/../lib/gcc/arm-none-eabi/10.3.1/thumb/v7e-m/nofp/crti.o
 .ARM.attributes
                0x000000000000001e       0x2e d:/cubeide/stm32cubeide_1.12.0/stm32cubeide/plugins/com.st.stm32cube.ide.mcu.externaltools.gnu-tools-for-stm32.10.3-2021.10.win32_1.0.200.202301161003/tools/bin/../lib/gcc/arm-none-eabi/10.3.1/thumb/v7e-m/nofp/crtbegin.o
 .ARM.attributes
                0x000000000000004c       0x2e ./Core/Src/gpio.o
 .ARM.attributes
                0x000000000000007a       0x2e ./Core/Src/main.o
 .ARM.attributes
                0x00000000000000a8       0x2e ./Core/Src/stm32wlxx_hal_msp.o
 .ARM.attributes
                0x00000000000000d6       0x2e ./Core/Src/stm32wlxx_it.o
 .ARM.attributes
                0x0000000000000104       0x2e ./Core/Src/system_stm32wlxx.o
 .ARM.attributes
                0x0000000000000132       0x2e ./Core/Src/tim.o
 .ARM.attributes
                0x0000000000000160       0x2e ./Core/Src/usart.o
 .ARM.attributes
                0x000000000000018e       0x21 ./Core/Startup/startup_stm32wl55jcix.o
 .ARM.attributes
                0x00000000000001af       0x2e ./Drivers/STM32WLxx_HAL_Driver/Src/stm32wlxx_hal.o
 .ARM.attributes
                0x00000000000001dd       0x2e ./Drivers/STM32WLxx_HAL_Driver/Src/stm32wlxx_hal_cortex.o
 .ARM.attributes
                0x000000000000020b       0x2e ./Drivers/STM32WLxx_HAL_Driver/Src/stm32wlxx_hal_gpio.o
 .ARM.attributes
                0x0000000000000239       0x2e ./Drivers/STM32WLxx_HAL_Driver/Src/stm32wlxx_hal_pwr.o
 .ARM.attributes
                0x0000000000000267       0x2e ./Drivers/STM32WLxx_HAL_Driver/Src/stm32wlxx_hal_pwr_ex.o
 .ARM.attributes
                0x0000000000000295       0x2e ./Drivers/STM32WLxx_HAL_Driver/Src/stm32wlxx_hal_rcc.o
 .ARM.attributes
                0x00000000000002c3       0x2e ./Drivers/STM32WLxx_HAL_Driver/Src/stm32wlxx_hal_rcc_ex.o
 .ARM.attributes
                0x00000000000002f1       0x2e ./Drivers/STM32WLxx_HAL_Driver/Src/stm32wlxx_hal_tim.o
 .ARM.attributes
                0x000000000000031f       0x2e ./Drivers/STM32WLxx_HAL_Driver/Src/stm32wlxx_hal_tim_ex.o
 .ARM.attributes
                0x000000000000034d       0x2e ./Drivers/STM32WLxx_HAL_Driver/Src/stm32wlxx_hal_uart.o
 .ARM.attributes
                0x000000000000037b       0x2e ./Drivers/STM32WLxx_HAL_Driver/Src/stm32wlxx_hal_uart_ex.o
 .ARM.attributes
                0x00000000000003a9       0x2e d:/cubeide/stm32cubeide_1.12.0/stm32cubeide/plugins/com.st.stm32cube.ide.mcu.externaltools.gnu-tools-for-stm32.10.3-2021.10.win32_1.0.200.202301161003/tools/bin/../lib/gcc/arm-none-eabi/10.3.1/../../../../arm-none-eabi/lib/thumb/v7e-m/nofp\libc_nano.a(lib_a-init.o)
 .ARM.attributes
                0x00000000000003d7       0x2e d:/cubeide/stm32cubeide_1.12.0/stm32cubeide/plugins/com.st.stm32cube.ide.mcu.externaltools.gnu-tools-for-stm32.10.3-2021.10.win32_1.0.200.202301161003/tools/bin/../lib/gcc/arm-none-eabi/10.3.1/../../../../arm-none-eabi/lib/thumb/v7e-m/nofp\libc_nano.a(lib_a-memset.o)
 .ARM.attributes
                0x0000000000000405       0x1e d:/cubeide/stm32cubeide_1.12.0/stm32cubeide/plugins/com.st.stm32cube.ide.mcu.externaltools.gnu-tools-for-stm32.10.3-2021.10.win32_1.0.200.202301161003/tools/bin/../lib/gcc/arm-none-eabi/10.3.1/thumb/v7e-m/nofp\libgcc.a(_aeabi_uldivmod.o)
 .ARM.attributes
                0x0000000000000423       0x2e d:/cubeide/stm32cubeide_1.12.0/stm32cubeide/plugins/com.st.stm32cube.ide.mcu.externaltools.gnu-tools-for-stm32.10.3-2021.10.win32_1.0.200.202301161003/tools/bin/../lib/gcc/arm-none-eabi/10.3.1/thumb/v7e-m/nofp\libgcc.a(_udivmoddi4.o)
 .ARM.attributes
                0x0000000000000451       0x1e d:/cubeide/stm32cubeide_1.12.0/stm32cubeide/plugins/com.st.stm32cube.ide.mcu.externaltools.gnu-tools-for-stm32.10.3-2021.10.win32_1.0.200.202301161003/tools/bin/../lib/gcc/arm-none-eabi/10.3.1/thumb/v7e-m/nofp\libgcc.a(_dvmd_tls.o)
 .ARM.attributes
                0x000000000000046f       0x1e d:/cubeide/stm32cubeide_1.12.0/stm32cubeide/plugins/com.st.stm32cube.ide.mcu.externaltools.gnu-tools-for-stm32.10.3-2021.10.win32_1.0.200.202301161003/tools/bin/../lib/gcc/arm-none-eabi/10.3.1/thumb/v7e-m/nofp/crtn.o
OUTPUT(buttons_int.elf elf32-littlearm)
LOAD linker stubs
LOAD d:/cubeide/stm32cubeide_1.12.0/stm32cubeide/plugins/com.st.stm32cube.ide.mcu.externaltools.gnu-tools-for-stm32.10.3-2021.10.win32_1.0.200.202301161003/tools/bin/../lib/gcc/arm-none-eabi/10.3.1/../../../../arm-none-eabi/lib/thumb/v7e-m/nofp\libc.a
LOAD d:/cubeide/stm32cubeide_1.12.0/stm32cubeide/plugins/com.st.stm32cube.ide.mcu.externaltools.gnu-tools-for-stm32.10.3-2021.10.win32_1.0.200.202301161003/tools/bin/../lib/gcc/arm-none-eabi/10.3.1/../../../../arm-none-eabi/lib/thumb/v7e-m/nofp\libm.a
LOAD d:/cubeide/stm32cubeide_1.12.0/stm32cubeide/plugins/com.st.stm32cube.ide.mcu.externaltools.gnu-tools-for-stm32.10.3-2021.10.win32_1.0.200.202301161003/tools/bin/../lib/gcc/arm-none-eabi/10.3.1/thumb/v7e-m/nofp\libgcc.a

.debug_info     0x0000000000000000    0x1516a
 .debug_info    0x0000000000000000      0x824 ./Core/Src/gpio.o
 .debug_info    0x0000000000000824     0x1005 ./Core/Src/main.o
 .debug_info    0x0000000000001829       0xcd ./Core/Src/stm32wlxx_hal_msp.o
 .debug_info    0x00000000000018f6      0xa76 ./Core/Src/stm32wlxx_it.o
 .debug_info    0x000000000000236c      0x566 ./Core/Src/system_stm32wlxx.o
 .debug_info    0x00000000000028d2      0xf79 ./Core/Src/tim.o
 .debug_info    0x000000000000384b      0xf4e ./Core/Src/usart.o
 .debug_info    0x0000000000004799       0x22 ./Core/Startup/startup_stm32wl55jcix.o
 .debug_info    0x00000000000047bb     0x1209 ./Drivers/STM32WLxx_HAL_Driver/Src/stm32wlxx_hal.o
 .debug_info    0x00000000000059c4      0xdc3 ./Drivers/STM32WLxx_HAL_Driver/Src/stm32wlxx_hal_cortex.o
 .debug_info    0x0000000000006787      0x79c ./Drivers/STM32WLxx_HAL_Driver/Src/stm32wlxx_hal_gpio.o
 .debug_info    0x0000000000006f23      0x912 ./Drivers/STM32WLxx_HAL_Driver/Src/stm32wlxx_hal_pwr.o
 .debug_info    0x0000000000007835      0xe53 ./Drivers/STM32WLxx_HAL_Driver/Src/stm32wlxx_hal_pwr_ex.o
 .debug_info    0x0000000000008688     0x14a8 ./Drivers/STM32WLxx_HAL_Driver/Src/stm32wlxx_hal_rcc.o
 .debug_info    0x0000000000009b30     0x102c ./Drivers/STM32WLxx_HAL_Driver/Src/stm32wlxx_hal_rcc_ex.o
 .debug_info    0x000000000000ab5c     0x2e62 ./Drivers/STM32WLxx_HAL_Driver/Src/stm32wlxx_hal_tim.o
 .debug_info    0x000000000000d9be     0x1a2c ./Drivers/STM32WLxx_HAL_Driver/Src/stm32wlxx_hal_tim_ex.o
 .debug_info    0x000000000000f3ea     0x4cd9 ./Drivers/STM32WLxx_HAL_Driver/Src/stm32wlxx_hal_uart.o
 .debug_info    0x00000000000140c3     0x10a7 ./Drivers/STM32WLxx_HAL_Driver/Src/stm32wlxx_hal_uart_ex.o

.debug_abbrev   0x0000000000000000     0x29d7
 .debug_abbrev  0x0000000000000000      0x19e ./Core/Src/gpio.o
 .debug_abbrev  0x000000000000019e      0x25c ./Core/Src/main.o
 .debug_abbrev  0x00000000000003fa       0x80 ./Core/Src/stm32wlxx_hal_msp.o
 .debug_abbrev  0x000000000000047a      0x1cd ./Core/Src/stm32wlxx_it.o
 .debug_abbrev  0x0000000000000647      0x138 ./Core/Src/system_stm32wlxx.o
 .debug_abbrev  0x000000000000077f      0x238 ./Core/Src/tim.o
 .debug_abbrev  0x00000000000009b7      0x25e ./Core/Src/usart.o
 .debug_abbrev  0x0000000000000c15       0x12 ./Core/Startup/startup_stm32wl55jcix.o
 .debug_abbrev  0x0000000000000c27      0x334 ./Drivers/STM32WLxx_HAL_Driver/Src/stm32wlxx_hal.o
 .debug_abbrev  0x0000000000000f5b      0x2d5 ./Drivers/STM32WLxx_HAL_Driver/Src/stm32wlxx_hal_cortex.o
 .debug_abbrev  0x0000000000001230      0x1d9 ./Drivers/STM32WLxx_HAL_Driver/Src/stm32wlxx_hal_gpio.o
 .debug_abbrev  0x0000000000001409      0x203 ./Drivers/STM32WLxx_HAL_Driver/Src/stm32wlxx_hal_pwr.o
 .debug_abbrev  0x000000000000160c      0x2fa ./Drivers/STM32WLxx_HAL_Driver/Src/stm32wlxx_hal_pwr_ex.o
 .debug_abbrev  0x0000000000001906      0x324 ./Drivers/STM32WLxx_HAL_Driver/Src/stm32wlxx_hal_rcc.o
 .debug_abbrev  0x0000000000001c2a      0x2bd ./Drivers/STM32WLxx_HAL_Driver/Src/stm32wlxx_hal_rcc_ex.o
 .debug_abbrev  0x0000000000001ee7      0x275 ./Drivers/STM32WLxx_HAL_Driver/Src/stm32wlxx_hal_tim.o
 .debug_abbrev  0x000000000000215c      0x281 ./Drivers/STM32WLxx_HAL_Driver/Src/stm32wlxx_hal_tim_ex.o
 .debug_abbrev  0x00000000000023dd      0x33d ./Drivers/STM32WLxx_HAL_Driver/Src/stm32wlxx_hal_uart.o
 .debug_abbrev  0x000000000000271a      0x2bd ./Drivers/STM32WLxx_HAL_Driver/Src/stm32wlxx_hal_uart_ex.o

.debug_aranges  0x0000000000000000     0x14f8
 .debug_aranges
                0x0000000000000000       0x28 ./Core/Src/gpio.o
 .debug_aranges
                0x0000000000000028       0x38 ./Core/Src/main.o
 .debug_aranges
                0x0000000000000060       0x20 ./Core/Src/stm32wlxx_hal_msp.o
 .debug_aranges
                0x0000000000000080       0x98 ./Core/Src/stm32wlxx_it.o
 .debug_aranges
                0x0000000000000118       0x28 ./Core/Src/system_stm32wlxx.o
 .debug_aranges
                0x0000000000000140       0x40 ./Core/Src/tim.o
 .debug_aranges
                0x0000000000000180       0x48 ./Core/Src/usart.o
 .debug_aranges
                0x00000000000001c8       0x28 ./Core/Startup/startup_stm32wl55jcix.o
 .debug_aranges
                0x00000000000001f0      0x240 ./Drivers/STM32WLxx_HAL_Driver/Src/stm32wlxx_hal.o
 .debug_aranges
                0x0000000000000430      0x118 ./Drivers/STM32WLxx_HAL_Driver/Src/stm32wlxx_hal_cortex.o
 .debug_aranges
                0x0000000000000548       0x60 ./Drivers/STM32WLxx_HAL_Driver/Src/stm32wlxx_hal_gpio.o
 .debug_aranges
                0x00000000000005a8       0xc8 ./Drivers/STM32WLxx_HAL_Driver/Src/stm32wlxx_hal_pwr.o
 .debug_aranges
                0x0000000000000670      0x200 ./Drivers/STM32WLxx_HAL_Driver/Src/stm32wlxx_hal_pwr_ex.o
 .debug_aranges
                0x0000000000000870      0x230 ./Drivers/STM32WLxx_HAL_Driver/Src/stm32wlxx_hal_rcc.o
 .debug_aranges
                0x0000000000000aa0      0x1e8 ./Drivers/STM32WLxx_HAL_Driver/Src/stm32wlxx_hal_rcc_ex.o
 .debug_aranges
                0x0000000000000c88      0x3e0 ./Drivers/STM32WLxx_HAL_Driver/Src/stm32wlxx_hal_tim.o
 .debug_aranges
                0x0000000000001068      0x190 ./Drivers/STM32WLxx_HAL_Driver/Src/stm32wlxx_hal_tim_ex.o
 .debug_aranges
                0x00000000000011f8      0x258 ./Drivers/STM32WLxx_HAL_Driver/Src/stm32wlxx_hal_uart.o
 .debug_aranges
                0x0000000000001450       0xa8 ./Drivers/STM32WLxx_HAL_Driver/Src/stm32wlxx_hal_uart_ex.o

.debug_ranges   0x0000000000000000     0x1400
 .debug_ranges  0x0000000000000000       0x18 ./Core/Src/gpio.o
 .debug_ranges  0x0000000000000018       0x28 ./Core/Src/main.o
 .debug_ranges  0x0000000000000040       0x10 ./Core/Src/stm32wlxx_hal_msp.o
 .debug_ranges  0x0000000000000050       0x88 ./Core/Src/stm32wlxx_it.o
 .debug_ranges  0x00000000000000d8       0x18 ./Core/Src/system_stm32wlxx.o
 .debug_ranges  0x00000000000000f0       0x30 ./Core/Src/tim.o
 .debug_ranges  0x0000000000000120       0x38 ./Core/Src/usart.o
 .debug_ranges  0x0000000000000158       0x20 ./Core/Startup/startup_stm32wl55jcix.o
 .debug_ranges  0x0000000000000178      0x230 ./Drivers/STM32WLxx_HAL_Driver/Src/stm32wlxx_hal.o
 .debug_ranges  0x00000000000003a8      0x108 ./Drivers/STM32WLxx_HAL_Driver/Src/stm32wlxx_hal_cortex.o
 .debug_ranges  0x00000000000004b0       0x50 ./Drivers/STM32WLxx_HAL_Driver/Src/stm32wlxx_hal_gpio.o
 .debug_ranges  0x0000000000000500       0xb8 ./Drivers/STM32WLxx_HAL_Driver/Src/stm32wlxx_hal_pwr.o
 .debug_ranges  0x00000000000005b8      0x1f0 ./Drivers/STM32WLxx_HAL_Driver/Src/stm32wlxx_hal_pwr_ex.o
 .debug_ranges  0x00000000000007a8      0x220 ./Drivers/STM32WLxx_HAL_Driver/Src/stm32wlxx_hal_rcc.o
 .debug_ranges  0x00000000000009c8      0x1d8 ./Drivers/STM32WLxx_HAL_Driver/Src/stm32wlxx_hal_rcc_ex.o
 .debug_ranges  0x0000000000000ba0      0x3d0 ./Drivers/STM32WLxx_HAL_Driver/Src/stm32wlxx_hal_tim.o
 .debug_ranges  0x0000000000000f70      0x180 ./Drivers/STM32WLxx_HAL_Driver/Src/stm32wlxx_hal_tim_ex.o
 .debug_ranges  0x00000000000010f0      0x278 ./Drivers/STM32WLxx_HAL_Driver/Src/stm32wlxx_hal_uart.o
 .debug_ranges  0x0000000000001368       0x98 ./Drivers/STM32WLxx_HAL_Driver/Src/stm32wlxx_hal_uart_ex.o

.debug_macro    0x0000000000000000    0x1cb18
 .debug_macro   0x0000000000000000      0x232 ./Core/Src/gpio.o
 .debug_macro   0x0000000000000232      0xa72 ./Core/Src/gpio.o
 .debug_macro   0x0000000000000ca4      0x124 ./Core/Src/gpio.o
 .debug_macro   0x0000000000000dc8       0x2e ./Core/Src/gpio.o
 .debug_macro   0x0000000000000df6       0x3a ./Core/Src/gpio.o
 .debug_macro   0x0000000000000e30       0x22 ./Core/Src/gpio.o
 .debug_macro   0x0000000000000e52       0x8e ./Core/Src/gpio.o
 .debug_macro   0x0000000000000ee0       0x51 ./Core/Src/gpio.o
 .debug_macro   0x0000000000000f31      0x103 ./Core/Src/gpio.o
 .debug_macro   0x0000000000001034       0x6a ./Core/Src/gpio.o
 .debug_macro   0x000000000000109e      0x1df ./Core/Src/gpio.o
 .debug_macro   0x000000000000127d       0x1c ./Core/Src/gpio.o
 .debug_macro   0x0000000000001299       0x22 ./Core/Src/gpio.o
 .debug_macro   0x00000000000012bb       0xfb ./Core/Src/gpio.o
 .debug_macro   0x00000000000013b6     0x1011 ./Core/Src/gpio.o
 .debug_macro   0x00000000000023c7      0x11f ./Core/Src/gpio.o
 .debug_macro   0x00000000000024e6     0xf31a ./Core/Src/gpio.o
 .debug_macro   0x0000000000011800       0x6d ./Core/Src/gpio.o
 .debug_macro   0x000000000001186d     0x341d ./Core/Src/gpio.o
 .debug_macro   0x0000000000014c8a      0x174 ./Core/Src/gpio.o
 .debug_macro   0x0000000000014dfe       0x5c ./Core/Src/gpio.o
 .debug_macro   0x0000000000014e5a      0x416 ./Core/Src/gpio.o
 .debug_macro   0x0000000000015270      0x29c ./Core/Src/gpio.o
 .debug_macro   0x000000000001550c      0x35a ./Core/Src/gpio.o
 .debug_macro   0x0000000000015866      0x196 ./Core/Src/gpio.o
 .debug_macro   0x00000000000159fc       0x4a ./Core/Src/gpio.o
 .debug_macro   0x0000000000015a46      0x236 ./Core/Src/gpio.o
 .debug_macro   0x0000000000015c7c      0x229 ./Core/Src/gpio.o
 .debug_macro   0x0000000000015ea5      0x3fa ./Core/Src/gpio.o
 .debug_macro   0x000000000001629f       0x2e ./Core/Src/gpio.o
 .debug_macro   0x00000000000162cd      0x107 ./Core/Src/gpio.o
 .debug_macro   0x00000000000163d4      0x1ba ./Core/Src/gpio.o
 .debug_macro   0x000000000001658e       0xe6 ./Core/Src/gpio.o
 .debug_macro   0x0000000000016674      0x283 ./Core/Src/gpio.o
 .debug_macro   0x00000000000168f7      0x133 ./Core/Src/gpio.o
 .debug_macro   0x0000000000016a2a      0x36f ./Core/Src/gpio.o
 .debug_macro   0x0000000000016d99      0x683 ./Core/Src/gpio.o
 .debug_macro   0x000000000001741c      0x20e ./Core/Src/gpio.o
 .debug_macro   0x000000000001762a      0xfb4 ./Core/Src/gpio.o
 .debug_macro   0x00000000000185de      0x136 ./Core/Src/gpio.o
 .debug_macro   0x0000000000018714      0x2db ./Core/Src/gpio.o
 .debug_macro   0x00000000000189ef      0xac2 ./Core/Src/gpio.o
 .debug_macro   0x00000000000194b1       0xfa ./Core/Src/gpio.o
 .debug_macro   0x00000000000195ab      0x693 ./Core/Src/gpio.o
 .debug_macro   0x0000000000019c3e       0xa6 ./Core/Src/gpio.o
 .debug_macro   0x0000000000019ce4      0x45a ./Core/Src/gpio.o
 .debug_macro   0x000000000001a13e      0x3c0 ./Core/Src/gpio.o
 .debug_macro   0x000000000001a4fe       0x9a ./Core/Src/gpio.o
 .debug_macro   0x000000000001a598      0x24a ./Core/Src/main.o
 .debug_macro   0x000000000001a7e2      0x228 ./Core/Src/stm32wlxx_hal_msp.o
 .debug_macro   0x000000000001aa0a      0x232 ./Core/Src/stm32wlxx_it.o
 .debug_macro   0x000000000001ac3c      0x219 ./Core/Src/system_stm32wlxx.o
 .debug_macro   0x000000000001ae55      0x232 ./Core/Src/tim.o
 .debug_macro   0x000000000001b087      0x232 ./Core/Src/usart.o
 .debug_macro   0x000000000001b2b9      0x23d ./Drivers/STM32WLxx_HAL_Driver/Src/stm32wlxx_hal.o
 .debug_macro   0x000000000001b4f6      0x219 ./Drivers/STM32WLxx_HAL_Driver/Src/stm32wlxx_hal_cortex.o
 .debug_macro   0x000000000001b70f      0x21f ./Drivers/STM32WLxx_HAL_Driver/Src/stm32wlxx_hal_gpio.o
 .debug_macro   0x000000000001b92e      0x273 ./Drivers/STM32WLxx_HAL_Driver/Src/stm32wlxx_hal_pwr.o
 .debug_macro   0x000000000001bba1      0x22b ./Drivers/STM32WLxx_HAL_Driver/Src/stm32wlxx_hal_pwr_ex.o
 .debug_macro   0x000000000001bdcc      0x279 ./Drivers/STM32WLxx_HAL_Driver/Src/stm32wlxx_hal_rcc.o
 .debug_macro   0x000000000001c045      0x22b ./Drivers/STM32WLxx_HAL_Driver/Src/stm32wlxx_hal_rcc_ex.o
 .debug_macro   0x000000000001c270      0x21a ./Drivers/STM32WLxx_HAL_Driver/Src/stm32wlxx_hal_tim.o
 .debug_macro   0x000000000001c48a      0x225 ./Drivers/STM32WLxx_HAL_Driver/Src/stm32wlxx_hal_tim_ex.o
 .debug_macro   0x000000000001c6af      0x244 ./Drivers/STM32WLxx_HAL_Driver/Src/stm32wlxx_hal_uart.o
 .debug_macro   0x000000000001c8f3      0x225 ./Drivers/STM32WLxx_HAL_Driver/Src/stm32wlxx_hal_uart_ex.o

.debug_line     0x0000000000000000    0x1469f
 .debug_line    0x0000000000000000      0x7cc ./Core/Src/gpio.o
 .debug_line    0x00000000000007cc      0x81f ./Core/Src/main.o
 .debug_line    0x0000000000000feb      0x76e ./Core/Src/stm32wlxx_hal_msp.o
 .debug_line    0x0000000000001759      0x92b ./Core/Src/stm32wlxx_it.o
 .debug_line    0x0000000000002084      0x806 ./Core/Src/system_stm32wlxx.o
 .debug_line    0x000000000000288a      0x82c ./Core/Src/tim.o
 .debug_line    0x00000000000030b6      0x871 ./Core/Src/usart.o
 .debug_line    0x0000000000003927       0x89 ./Core/Startup/startup_stm32wl55jcix.o
 .debug_line    0x00000000000039b0      0xf1f ./Drivers/STM32WLxx_HAL_Driver/Src/stm32wlxx_hal.o
 .debug_line    0x00000000000048cf      0xd06 ./Drivers/STM32WLxx_HAL_Driver/Src/stm32wlxx_hal_cortex.o
 .debug_line    0x00000000000055d5      0xb7b ./Drivers/STM32WLxx_HAL_Driver/Src/stm32wlxx_hal_gpio.o
 .debug_line    0x0000000000006150      0x9ff ./Drivers/STM32WLxx_HAL_Driver/Src/stm32wlxx_hal_pwr.o
 .debug_line    0x0000000000006b4f      0xedd ./Drivers/STM32WLxx_HAL_Driver/Src/stm32wlxx_hal_pwr_ex.o
 .debug_line    0x0000000000007a2c     0x1735 ./Drivers/STM32WLxx_HAL_Driver/Src/stm32wlxx_hal_rcc.o
 .debug_line    0x0000000000009161     0x1377 ./Drivers/STM32WLxx_HAL_Driver/Src/stm32wlxx_hal_rcc_ex.o
 .debug_line    0x000000000000a4d8     0x3b4b ./Drivers/STM32WLxx_HAL_Driver/Src/stm32wlxx_hal_tim.o
 .debug_line    0x000000000000e023     0x1c58 ./Drivers/STM32WLxx_HAL_Driver/Src/stm32wlxx_hal_tim_ex.o
 .debug_line    0x000000000000fc7b     0x3c60 ./Drivers/STM32WLxx_HAL_Driver/Src/stm32wlxx_hal_uart.o
 .debug_line    0x00000000000138db      0xdc4 ./Drivers/STM32WLxx_HAL_Driver/Src/stm32wlxx_hal_uart_ex.o

.debug_str      0x0000000000000000    0xb726f
 .debug_str     0x0000000000000000    0xb15e3 ./Core/Src/gpio.o
                                      0xb1bdf (size before relaxing)
 .debug_str     0x00000000000b15e3      0x858 ./Core/Src/main.o
                                      0xb1fc5 (size before relaxing)
 .debug_str     0x00000000000b1e3b       0x2c ./Core/Src/stm32wlxx_hal_msp.o
                                      0xb149b (size before relaxing)
 .debug_str     0x00000000000b1e67      0x1a0 ./Core/Src/stm32wlxx_it.o
                                      0xb1c92 (size before relaxing)
 .debug_str     0x00000000000b2007       0x9e ./Core/Src/system_stm32wlxx.o
                                      0xb14f9 (size before relaxing)
 .debug_str     0x00000000000b20a5      0x198 ./Core/Src/tim.o
                                      0xb22d0 (size before relaxing)
 .debug_str     0x00000000000b223d      0x47e ./Core/Src/usart.o
                                      0xb1f41 (size before relaxing)
 .debug_str     0x00000000000b26bb       0x36 ./Core/Startup/startup_stm32wl55jcix.o
                                         0x52 (size before relaxing)
 .debug_str     0x00000000000b26f1      0x8ee ./Drivers/STM32WLxx_HAL_Driver/Src/stm32wlxx_hal.o
                                      0xb22e1 (size before relaxing)
 .debug_str     0x00000000000b2fdf      0x371 ./Drivers/STM32WLxx_HAL_Driver/Src/stm32wlxx_hal_cortex.o
                                      0xb1bdf (size before relaxing)
 .debug_str     0x00000000000b3350      0x10f ./Drivers/STM32WLxx_HAL_Driver/Src/stm32wlxx_hal_gpio.o
                                      0xb1552 (size before relaxing)
 .debug_str     0x00000000000b345f      0x52d ./Drivers/STM32WLxx_HAL_Driver/Src/stm32wlxx_hal_pwr.o
                                      0xb1951 (size before relaxing)
 .debug_str     0x00000000000b398c      0x6ba ./Drivers/STM32WLxx_HAL_Driver/Src/stm32wlxx_hal_pwr_ex.o
                                      0xb1cb1 (size before relaxing)
 .debug_str     0x00000000000b4046      0xab3 ./Drivers/STM32WLxx_HAL_Driver/Src/stm32wlxx_hal_rcc.o
                                      0xb22c5 (size before relaxing)
 .debug_str     0x00000000000b4af9      0x569 ./Drivers/STM32WLxx_HAL_Driver/Src/stm32wlxx_hal_rcc_ex.o
                                      0xb1e20 (size before relaxing)
 .debug_str     0x00000000000b5062      0xe75 ./Drivers/STM32WLxx_HAL_Driver/Src/stm32wlxx_hal_tim.o
                                      0xb28c2 (size before relaxing)
 .debug_str     0x00000000000b5ed7      0x73e ./Drivers/STM32WLxx_HAL_Driver/Src/stm32wlxx_hal_tim_ex.o
                                      0xb2357 (size before relaxing)
 .debug_str     0x00000000000b6615      0x9f6 ./Drivers/STM32WLxx_HAL_Driver/Src/stm32wlxx_hal_uart.o
                                      0xb2537 (size before relaxing)
 .debug_str     0x00000000000b700b      0x264 ./Drivers/STM32WLxx_HAL_Driver/Src/stm32wlxx_hal_uart_ex.o
                                      0xb1c30 (size before relaxing)

.comment        0x0000000000000000       0x50
 .comment       0x0000000000000000       0x50 ./Core/Src/gpio.o
                                         0x51 (size before relaxing)
 .comment       0x0000000000000050       0x51 ./Core/Src/main.o
 .comment       0x0000000000000050       0x51 ./Core/Src/stm32wlxx_hal_msp.o
 .comment       0x0000000000000050       0x51 ./Core/Src/stm32wlxx_it.o
 .comment       0x0000000000000050       0x51 ./Core/Src/system_stm32wlxx.o
 .comment       0x0000000000000050       0x51 ./Core/Src/tim.o
 .comment       0x0000000000000050       0x51 ./Core/Src/usart.o
 .comment       0x0000000000000050       0x51 ./Drivers/STM32WLxx_HAL_Driver/Src/stm32wlxx_hal.o
 .comment       0x0000000000000050       0x51 ./Drivers/STM32WLxx_HAL_Driver/Src/stm32wlxx_hal_cortex.o
 .comment       0x0000000000000050       0x51 ./Drivers/STM32WLxx_HAL_Driver/Src/stm32wlxx_hal_gpio.o
 .comment       0x0000000000000050       0x51 ./Drivers/STM32WLxx_HAL_Driver/Src/stm32wlxx_hal_pwr.o
 .comment       0x0000000000000050       0x51 ./Drivers/STM32WLxx_HAL_Driver/Src/stm32wlxx_hal_pwr_ex.o
 .comment       0x0000000000000050       0x51 ./Drivers/STM32WLxx_HAL_Driver/Src/stm32wlxx_hal_rcc.o
 .comment       0x0000000000000050       0x51 ./Drivers/STM32WLxx_HAL_Driver/Src/stm32wlxx_hal_rcc_ex.o
 .comment       0x0000000000000050       0x51 ./Drivers/STM32WLxx_HAL_Driver/Src/stm32wlxx_hal_tim.o
 .comment       0x0000000000000050       0x51 ./Drivers/STM32WLxx_HAL_Driver/Src/stm32wlxx_hal_tim_ex.o
 .comment       0x0000000000000050       0x51 ./Drivers/STM32WLxx_HAL_Driver/Src/stm32wlxx_hal_uart.o
 .comment       0x0000000000000050       0x51 ./Drivers/STM32WLxx_HAL_Driver/Src/stm32wlxx_hal_uart_ex.o

.debug_frame    0x0000000000000000     0x5848
 .debug_frame   0x0000000000000000       0x5c ./Core/Src/gpio.o
 .debug_frame   0x000000000000005c       0x90 ./Core/Src/main.o
 .debug_frame   0x00000000000000ec       0x30 ./Core/Src/stm32wlxx_hal_msp.o
 .debug_frame   0x000000000000011c      0x1c8 ./Core/Src/stm32wlxx_it.o
 .debug_frame   0x00000000000002e4       0x58 ./Core/Src/system_stm32wlxx.o
 .debug_frame   0x000000000000033c       0xcc ./Core/Src/tim.o
 .debug_frame   0x0000000000000408       0xec ./Core/Src/usart.o
 .debug_frame   0x00000000000004f4      0x948 ./Drivers/STM32WLxx_HAL_Driver/Src/stm32wlxx_hal.o
 .debug_frame   0x0000000000000e3c      0x498 ./Drivers/STM32WLxx_HAL_Driver/Src/stm32wlxx_hal_cortex.o
 .debug_frame   0x00000000000012d4      0x174 ./Drivers/STM32WLxx_HAL_Driver/Src/stm32wlxx_hal_gpio.o
 .debug_frame   0x0000000000001448      0x31c ./Drivers/STM32WLxx_HAL_Driver/Src/stm32wlxx_hal_pwr.o
 .debug_frame   0x0000000000001764      0x894 ./Drivers/STM32WLxx_HAL_Driver/Src/stm32wlxx_hal_pwr_ex.o
 .debug_frame   0x0000000000001ff8      0x8fc ./Drivers/STM32WLxx_HAL_Driver/Src/stm32wlxx_hal_rcc.o
 .debug_frame   0x00000000000028f4      0x7ec ./Drivers/STM32WLxx_HAL_Driver/Src/stm32wlxx_hal_rcc_ex.o
 .debug_frame   0x00000000000030e0     0x121c ./Drivers/STM32WLxx_HAL_Driver/Src/stm32wlxx_hal_tim.o
 .debug_frame   0x00000000000042fc      0x6fc ./Drivers/STM32WLxx_HAL_Driver/Src/stm32wlxx_hal_tim_ex.o
 .debug_frame   0x00000000000049f8      0xae4 ./Drivers/STM32WLxx_HAL_Driver/Src/stm32wlxx_hal_uart.o
 .debug_frame   0x00000000000054dc      0x2c0 ./Drivers/STM32WLxx_HAL_Driver/Src/stm32wlxx_hal_uart_ex.o
 .debug_frame   0x000000000000579c       0x2c d:/cubeide/stm32cubeide_1.12.0/stm32cubeide/plugins/com.st.stm32cube.ide.mcu.externaltools.gnu-tools-for-stm32.10.3-2021.10.win32_1.0.200.202301161003/tools/bin/../lib/gcc/arm-none-eabi/10.3.1/../../../../arm-none-eabi/lib/thumb/v7e-m/nofp\libc_nano.a(lib_a-init.o)
 .debug_frame   0x00000000000057c8       0x20 d:/cubeide/stm32cubeide_1.12.0/stm32cubeide/plugins/com.st.stm32cube.ide.mcu.externaltools.gnu-tools-for-stm32.10.3-2021.10.win32_1.0.200.202301161003/tools/bin/../lib/gcc/arm-none-eabi/10.3.1/../../../../arm-none-eabi/lib/thumb/v7e-m/nofp\libc_nano.a(lib_a-memset.o)
 .debug_frame   0x00000000000057e8       0x2c d:/cubeide/stm32cubeide_1.12.0/stm32cubeide/plugins/com.st.stm32cube.ide.mcu.externaltools.gnu-tools-for-stm32.10.3-2021.10.win32_1.0.200.202301161003/tools/bin/../lib/gcc/arm-none-eabi/10.3.1/thumb/v7e-m/nofp\libgcc.a(_aeabi_uldivmod.o)
 .debug_frame   0x0000000000005814       0x34 d:/cubeide/stm32cubeide_1.12.0/stm32cubeide/plugins/com.st.stm32cube.ide.mcu.externaltools.gnu-tools-for-stm32.10.3-2021.10.win32_1.0.200.202301161003/tools/bin/../lib/gcc/arm-none-eabi/10.3.1/thumb/v7e-m/nofp\libgcc.a(_udivmoddi4.o)
